Archive member included to satisfy reference by file (symbol)

c:/st/stm32cubeide_1.4.0/stm32cubeide/plugins/com.st.stm32cube.ide.mcu.externaltools.gnu-tools-for-stm32.7-2018-q2-update.win32_1.4.0.202007081208/tools/bin/../lib/gcc/arm-none-eabi/7.3.1/../../../../arm-none-eabi/lib/thumb/v7e-m/fpv5/hard\libc_nano.a(lib_a-errno.o)
                              Core/Src/syscalls.o (__errno)
c:/st/stm32cubeide_1.4.0/stm32cubeide/plugins/com.st.stm32cube.ide.mcu.externaltools.gnu-tools-for-stm32.7-2018-q2-update.win32_1.4.0.202007081208/tools/bin/../lib/gcc/arm-none-eabi/7.3.1/../../../../arm-none-eabi/lib/thumb/v7e-m/fpv5/hard\libc_nano.a(lib_a-exit.o)
                              c:/st/stm32cubeide_1.4.0/stm32cubeide/plugins/com.st.stm32cube.ide.mcu.externaltools.gnu-tools-for-stm32.7-2018-q2-update.win32_1.4.0.202007081208/tools/bin/../lib/gcc/arm-none-eabi/7.3.1/../../../../arm-none-eabi/lib/thumb/v7e-m/fpv5/hard/crt0.o (exit)
c:/st/stm32cubeide_1.4.0/stm32cubeide/plugins/com.st.stm32cube.ide.mcu.externaltools.gnu-tools-for-stm32.7-2018-q2-update.win32_1.4.0.202007081208/tools/bin/../lib/gcc/arm-none-eabi/7.3.1/../../../../arm-none-eabi/lib/thumb/v7e-m/fpv5/hard\libc_nano.a(lib_a-impure.o)
                              c:/st/stm32cubeide_1.4.0/stm32cubeide/plugins/com.st.stm32cube.ide.mcu.externaltools.gnu-tools-for-stm32.7-2018-q2-update.win32_1.4.0.202007081208/tools/bin/../lib/gcc/arm-none-eabi/7.3.1/../../../../arm-none-eabi/lib/thumb/v7e-m/fpv5/hard\libc_nano.a(lib_a-exit.o) (_global_impure_ptr)
c:/st/stm32cubeide_1.4.0/stm32cubeide/plugins/com.st.stm32cube.ide.mcu.externaltools.gnu-tools-for-stm32.7-2018-q2-update.win32_1.4.0.202007081208/tools/bin/../lib/gcc/arm-none-eabi/7.3.1/../../../../arm-none-eabi/lib/thumb/v7e-m/fpv5/hard\libc_nano.a(lib_a-init.o)
                              c:/st/stm32cubeide_1.4.0/stm32cubeide/plugins/com.st.stm32cube.ide.mcu.externaltools.gnu-tools-for-stm32.7-2018-q2-update.win32_1.4.0.202007081208/tools/bin/../lib/gcc/arm-none-eabi/7.3.1/../../../../arm-none-eabi/lib/thumb/v7e-m/fpv5/hard/crt0.o (__libc_init_array)
c:/st/stm32cubeide_1.4.0/stm32cubeide/plugins/com.st.stm32cube.ide.mcu.externaltools.gnu-tools-for-stm32.7-2018-q2-update.win32_1.4.0.202007081208/tools/bin/../lib/gcc/arm-none-eabi/7.3.1/../../../../arm-none-eabi/lib/thumb/v7e-m/fpv5/hard\libc_nano.a(lib_a-malloc.o)
                              Middlewares/ST/STM32_USB_Device_Library/usbd_hid.o (malloc)
c:/st/stm32cubeide_1.4.0/stm32cubeide/plugins/com.st.stm32cube.ide.mcu.externaltools.gnu-tools-for-stm32.7-2018-q2-update.win32_1.4.0.202007081208/tools/bin/../lib/gcc/arm-none-eabi/7.3.1/../../../../arm-none-eabi/lib/thumb/v7e-m/fpv5/hard\libc_nano.a(lib_a-memset.o)
                              c:/st/stm32cubeide_1.4.0/stm32cubeide/plugins/com.st.stm32cube.ide.mcu.externaltools.gnu-tools-for-stm32.7-2018-q2-update.win32_1.4.0.202007081208/tools/bin/../lib/gcc/arm-none-eabi/7.3.1/../../../../arm-none-eabi/lib/thumb/v7e-m/fpv5/hard/crt0.o (memset)
c:/st/stm32cubeide_1.4.0/stm32cubeide/plugins/com.st.stm32cube.ide.mcu.externaltools.gnu-tools-for-stm32.7-2018-q2-update.win32_1.4.0.202007081208/tools/bin/../lib/gcc/arm-none-eabi/7.3.1/../../../../arm-none-eabi/lib/thumb/v7e-m/fpv5/hard\libc_nano.a(lib_a-nano-freer.o)
                              c:/st/stm32cubeide_1.4.0/stm32cubeide/plugins/com.st.stm32cube.ide.mcu.externaltools.gnu-tools-for-stm32.7-2018-q2-update.win32_1.4.0.202007081208/tools/bin/../lib/gcc/arm-none-eabi/7.3.1/../../../../arm-none-eabi/lib/thumb/v7e-m/fpv5/hard\libc_nano.a(lib_a-malloc.o) (_free_r)
c:/st/stm32cubeide_1.4.0/stm32cubeide/plugins/com.st.stm32cube.ide.mcu.externaltools.gnu-tools-for-stm32.7-2018-q2-update.win32_1.4.0.202007081208/tools/bin/../lib/gcc/arm-none-eabi/7.3.1/../../../../arm-none-eabi/lib/thumb/v7e-m/fpv5/hard\libc_nano.a(lib_a-nano-mallocr.o)
                              c:/st/stm32cubeide_1.4.0/stm32cubeide/plugins/com.st.stm32cube.ide.mcu.externaltools.gnu-tools-for-stm32.7-2018-q2-update.win32_1.4.0.202007081208/tools/bin/../lib/gcc/arm-none-eabi/7.3.1/../../../../arm-none-eabi/lib/thumb/v7e-m/fpv5/hard\libc_nano.a(lib_a-malloc.o) (_malloc_r)
c:/st/stm32cubeide_1.4.0/stm32cubeide/plugins/com.st.stm32cube.ide.mcu.externaltools.gnu-tools-for-stm32.7-2018-q2-update.win32_1.4.0.202007081208/tools/bin/../lib/gcc/arm-none-eabi/7.3.1/../../../../arm-none-eabi/lib/thumb/v7e-m/fpv5/hard\libc_nano.a(lib_a-sbrkr.o)
                              c:/st/stm32cubeide_1.4.0/stm32cubeide/plugins/com.st.stm32cube.ide.mcu.externaltools.gnu-tools-for-stm32.7-2018-q2-update.win32_1.4.0.202007081208/tools/bin/../lib/gcc/arm-none-eabi/7.3.1/../../../../arm-none-eabi/lib/thumb/v7e-m/fpv5/hard\libc_nano.a(lib_a-nano-mallocr.o) (_sbrk_r)
[...]
Memory Configuration

Name             Origin             Length             Attributes
FLASH            0x0000000008000000 0x0000000000100000 xr
RAM              0x0000000020000000 0x0000000000020000 xrw
ITCMRAM          0x0000000000000000 0x0000000000010000 xrw
*default*        0x0000000000000000 0xffffffffffffffff

Linker script and memory map

LOAD c:/st/stm32cubeide_1.4.0/stm32cubeide/plugins/com.st.stm32cube.ide.mcu.externaltools.gnu-tools-for-stm32.7-2018-q2-update.win32_1.4.0.202007081208/tools/bin/../lib/gcc/arm-none-eabi/7.3.1/thumb/v7e-m/fpv5/hard/crti.o
LOAD c:/st/stm32cubeide_1.4.0/stm32cubeide/plugins/com.st.stm32cube.ide.mcu.externaltools.gnu-tools-for-stm32.7-2018-q2-update.win32_1.4.0.202007081208/tools/bin/../lib/gcc/arm-none-eabi/7.3.1/thumb/v7e-m/fpv5/hard/crtbegin.o
LOAD c:/st/stm32cubeide_1.4.0/stm32cubeide/plugins/com.st.stm32cube.ide.mcu.externaltools.gnu-tools-for-stm32.7-2018-q2-update.win32_1.4.0.202007081208/tools/bin/../lib/gcc/arm-none-eabi/7.3.1/../../../../arm-none-eabi/lib/thumb/v7e-m/fpv5/hard/crt0.o
LOAD Common/Src/system_stm32h7xx_dualcore_boot_cm4_cm7.o
LOAD Core/Src/ew_bsp_usb.o
LOAD Core/Src/main.o
LOAD Core/Src/stm32h7xx_hal_msp.o
LOAD Core/Src/stm32h7xx_it.o
LOAD Core/Src/syscalls.o
LOAD Core/Src/sysmem.o
LOAD Core/Startup/startup_stm32h745xihx.o
LOAD Drivers/STM32H7xx_HAL_Driver/stm32h7xx_hal.o
LOAD Drivers/STM32H7xx_HAL_Driver/stm32h7xx_hal_cortex.o
LOAD Drivers/STM32H7xx_HAL_Driver/stm32h7xx_hal_dma.o
LOAD Drivers/STM32H7xx_HAL_Driver/stm32h7xx_hal_dma_ex.o
LOAD Drivers/STM32H7xx_HAL_Driver/stm32h7xx_hal_exti.o
LOAD Drivers/STM32H7xx_HAL_Driver/stm32h7xx_hal_flash.o
LOAD Drivers/STM32H7xx_HAL_Driver/stm32h7xx_hal_flash_ex.o
LOAD Drivers/STM32H7xx_HAL_Driver/stm32h7xx_hal_gpio.o
LOAD Drivers/STM32H7xx_HAL_Driver/stm32h7xx_hal_hsem.o
LOAD Drivers/STM32H7xx_HAL_Driver/stm32h7xx_hal_i2c.o
LOAD Drivers/STM32H7xx_HAL_Driver/stm32h7xx_hal_i2c_ex.o
LOAD Drivers/STM32H7xx_HAL_Driver/stm32h7xx_hal_mdma.o
LOAD Drivers/STM32H7xx_HAL_Driver/stm32h7xx_hal_pcd.o
LOAD Drivers/STM32H7xx_HAL_Driver/stm32h7xx_hal_pcd_ex.o
LOAD Drivers/STM32H7xx_HAL_Driver/stm32h7xx_hal_pwr.o
LOAD Drivers/STM32H7xx_HAL_Driver/stm32h7xx_hal_pwr_ex.o
LOAD Drivers/STM32H7xx_HAL_Driver/stm32h7xx_hal_rcc.o
LOAD Drivers/STM32H7xx_HAL_Driver/stm32h7xx_hal_rcc_ex.o
LOAD Drivers/STM32H7xx_HAL_Driver/stm32h7xx_hal_tim.o
LOAD Drivers/STM32H7xx_HAL_Driver/stm32h7xx_hal_tim_ex.o
LOAD Drivers/STM32H7xx_HAL_Driver/stm32h7xx_ll_usb.o
LOAD Middlewares/ST/STM32_USB_Device_Library/usbd_core.o
LOAD Middlewares/ST/STM32_USB_Device_Library/usbd_ctlreq.o
LOAD Middlewares/ST/STM32_USB_Device_Library/usbd_hid.o
LOAD Middlewares/ST/STM32_USB_Device_Library/usbd_ioreq.o
LOAD USB_DEVICE/App/usb_device.o
LOAD USB_DEVICE/App/usbd_desc.o
LOAD USB_DEVICE/Target/usbd_conf.o
START GROUP
LOAD c:/st/stm32cubeide_1.4.0/stm32cubeide/plugins/com.st.stm32cube.ide.mcu.externaltools.gnu-tools-for-stm32.7-2018-q2-update.win32_1.4.0.202007081208/tools/bin/../lib/gcc/arm-none-eabi/7.3.1/../../../../arm-none-eabi/lib/thumb/v7e-m/fpv5/hard\libc_nano.a
LOAD c:/st/stm32cubeide_1.4.0/stm32cubeide/plugins/com.st.stm32cube.ide.mcu.externaltools.gnu-tools-for-stm32.7-2018-q2-update.win32_1.4.0.202007081208/tools/bin/../lib/gcc/arm-none-eabi/7.3.1/../../../../arm-none-eabi/lib/thumb/v7e-m/fpv5/hard\libm.a
END GROUP
START GROUP
LOAD c:/st/stm32cubeide_1.4.0/stm32cubeide/plugins/com.st.stm32cube.ide.mcu.externaltools.gnu-tools-for-stm32.7-2018-q2-update.win32_1.4.0.202007081208/tools/bin/../lib/gcc/arm-none-eabi/7.3.1/thumb/v7e-m/fpv5/hard\libgcc.a
LOAD c:/st/stm32cubeide_1.4.0/stm32cubeide/plugins/com.st.stm32cube.ide.mcu.externaltools.gnu-tools-for-stm32.7-2018-q2-update.win32_1.4.0.202007081208/tools/bin/../lib/gcc/arm-none-eabi/7.3.1/../../../../arm-none-eabi/lib/thumb/v7e-m/fpv5/hard\libc_nano.a
END GROUP
START GROUP
LOAD c:/st/stm32cubeide_1.4.0/stm32cubeide/plugins/com.st.stm32cube.ide.mcu.externaltools.gnu-tools-for-stm32.7-2018-q2-update.win32_1.4.0.202007081208/tools/bin/../lib/gcc/arm-none-eabi/7.3.1/thumb/v7e-m/fpv5/hard\libgcc.a
LOAD c:/st/stm32cubeide_1.4.0/stm32cubeide/plugins/com.st.stm32cube.ide.mcu.externaltools.gnu-tools-for-stm32.7-2018-q2-update.win32_1.4.0.202007081208/tools/bin/../lib/gcc/arm-none-eabi/7.3.1/../../../../arm-none-eabi/lib/thumb/v7e-m/fpv5/hard\libc_nano.a
LOAD c:/st/stm32cubeide_1.4.0/stm32cubeide/plugins/com.st.stm32cube.ide.mcu.externaltools.gnu-tools-for-stm32.7-2018-q2-update.win32_1.4.0.202007081208/tools/bin/../lib/gcc/arm-none-eabi/7.3.1/../../../../arm-none-eabi/lib/thumb/v7e-m/fpv5/hard\libnosys.a
END GROUP
START GROUP
LOAD c:/st/stm32cubeide_1.4.0/stm32cubeide/plugins/com.st.stm32cube.ide.mcu.externaltools.gnu-tools-for-stm32.7-2018-q2-update.win32_1.4.0.202007081208/tools/bin/../lib/gcc/arm-none-eabi/7.3.1/thumb/v7e-m/fpv5/hard\libgcc.a
LOAD c:/st/stm32cubeide_1.4.0/stm32cubeide/plugins/com.st.stm32cube.ide.mcu.externaltools.gnu-tools-for-stm32.7-2018-q2-update.win32_1.4.0.202007081208/tools/bin/../lib/gcc/arm-none-eabi/7.3.1/../../../../arm-none-eabi/lib/thumb/v7e-m/fpv5/hard\libc_nano.a
LOAD c:/st/stm32cubeide_1.4.0/stm32cubeide/plugins/com.st.stm32cube.ide.mcu.externaltools.gnu-tools-for-stm32.7-2018-q2-update.win32_1.4.0.202007081208/tools/bin/../lib/gcc/arm-none-eabi/7.3.1/../../../../arm-none-eabi/lib/thumb/v7e-m/fpv5/hard\libnosys.a
END GROUP
LOAD c:/st/stm32cubeide_1.4.0/stm32cubeide/plugins/com.st.stm32cube.ide.mcu.externaltools.gnu-tools-for-stm32.7-2018-q2-update.win32_1.4.0.202007081208/tools/bin/../lib/gcc/arm-none-eabi/7.3.1/thumb/v7e-m/fpv5/hard/crtend.o
LOAD c:/st/stm32cubeide_1.4.0/stm32cubeide/plugins/com.st.stm32cube.ide.mcu.externaltools.gnu-tools-for-stm32.7-2018-q2-update.win32_1.4.0.202007081208/tools/bin/../lib/gcc/arm-none-eabi/7.3.1/thumb/v7e-m/fpv5/hard/crtn.o
                0x0000000020020000                _estack = 0x20020000
                0x0000000000000200                _Min_Heap_Size = 0x200
                0x0000000000000400                _Min_Stack_Size = 0x400

.isr_vector     0x0000000008000000      0x298
                0x0000000008000000                . = ALIGN (0x4)
 *(.isr_vector)
 .isr_vector    0x0000000008000000      0x298 Core/Startup/startup_stm32h745xihx.o
                0x0000000008000000                g_pfnVectors
                0x0000000008000298                . = ALIGN (0x4)

.text           0x0000000008000298     0x78f0
                0x0000000008000298                . = ALIGN (0x4)
 *(.text)
 .text          0x0000000008000298       0x40 c:/st/stm32cubeide_1.4.0/stm32cubeide/plugins/com.st.stm32cube.ide.mcu.externaltools.gnu-tools-for-stm32.7-2018-q2-update.win32_1.4.0.202007081208/tools/bin/../lib/gcc/arm-none-eabi/7.3.1/thumb/v7e-m/fpv5/hard/crtbegin.o
 *(.text*)
 .text.SystemInit
                0x00000000080002d8      0x134 Common/Src/system_stm32h7xx_dualcore_boot_cm4_cm7.o
                0x00000000080002d8                SystemInit
 .text.up       0x000000000800040c       0x20 Core/Src/ew_bsp_usb.o
                0x000000000800040c                up
 .text.down     0x000000000800042c       0x20 Core/Src/ew_bsp_usb.o
                0x000000000800042c                down
 .text.left     0x000000000800044c       0x20 Core/Src/ew_bsp_usb.o
                0x000000000800044c                left
 .text.right    0x000000000800046c       0x20 Core/Src/ew_bsp_usb.o
                0x000000000800046c                right
 .text.keyA     0x000000000800048c       0x20 Core/Src/ew_bsp_usb.o
                0x000000000800048c                keyA
 .text.keyB     0x00000000080004ac       0x20 Core/Src/ew_bsp_usb.o
                0x00000000080004ac                keyB
 .text.keyY     0x00000000080004cc       0x20 Core/Src/ew_bsp_usb.o
                0x00000000080004cc                keyY
 .text.keyX     0x00000000080004ec       0x20 Core/Src/ew_bsp_usb.o
                0x00000000080004ec                keyX
 .text.release  0x000000000800050c       0x20 Core/Src/ew_bsp_usb.o
                0x000000000800050c                release
 .text.test     0x000000000800052c       0xc8 Core/Src/ew_bsp_usb.o
                0x000000000800052c                test
 .text.main     0x00000000080005f4       0x9c Core/Src/main.o
                0x00000000080005f4                main
 .text.SystemClock_Config
                0x0000000008000690      0x170 Core/Src/main.o
                0x0000000008000690                SystemClock_Config
 .text.MX_GPIO_Init
                0x0000000008000800       0xfc Core/Src/main.o
 .text.Error_Handler
                0x00000000080008fc        0xe Core/Src/main.o
                0x00000000080008fc                Error_Handler
 *fill*         0x000000000800090a        0x2 
 .text.HAL_MspInit
                0x000000000800090c       0x34 Core/Src/stm32h7xx_hal_msp.o
                0x000000000800090c                HAL_MspInit
 .text.NMI_Handler
                0x0000000008000940        0xe Core/Src/stm32h7xx_it.o
                0x0000000008000940                NMI_Handler
 .text.HardFault_Handler
                0x000000000800094e        0x6 Core/Src/stm32h7xx_it.o
                0x000000000800094e                HardFault_Handler
 .text.MemManage_Handler
                0x0000000008000954        0x6 Core/Src/stm32h7xx_it.o
                0x0000000008000954                MemManage_Handler
 .text.BusFault_Handler
                0x000000000800095a        0x6 Core/Src/stm32h7xx_it.o
                0x000000000800095a                BusFault_Handler
 .text.UsageFault_Handler
                0x0000000008000960        0x6 Core/Src/stm32h7xx_it.o
                0x0000000008000960                UsageFault_Handler
 .text.SVC_Handler
                0x0000000008000966        0xe Core/Src/stm32h7xx_it.o
                0x0000000008000966                SVC_Handler
 .text.DebugMon_Handler
                0x0000000008000974        0xe Core/Src/stm32h7xx_it.o
                0x0000000008000974                DebugMon_Handler
 .text.PendSV_Handler
                0x0000000008000982        0xe Core/Src/stm32h7xx_it.o
                0x0000000008000982                PendSV_Handler
 .text.SysTick_Handler
                0x0000000008000990        0xc Core/Src/stm32h7xx_it.o
                0x0000000008000990                SysTick_Handler
 .text.OTG_FS_IRQHandler
                0x000000000800099c       0x14 Core/Src/stm32h7xx_it.o
                0x000000000800099c                OTG_FS_IRQHandler
 .text._sbrk    0x00000000080009b0       0x6c Core/Src/sysmem.o
                0x00000000080009b0                _sbrk
 .text.Reset_Handler
                0x0000000008000a1c       0x50 Core/Startup/startup_stm32h745xihx.o
                0x0000000008000a1c                Reset_Handler
 .text.Default_Handler
                0x0000000008000a6c        0x2 Core/Startup/startup_stm32h745xihx.o
                0x0000000008000a6c                RTC_Alarm_IRQHandler
                0x0000000008000a6c                EXTI2_IRQHandler
                0x0000000008000a6c                TIM8_CC_IRQHandler
                0x0000000008000a6c                HRTIM1_Master_IRQHandler
                0x0000000008000a6c                UART8_IRQHandler
                0x0000000008000a6c                SPI4_IRQHandler
                0x0000000008000a6c                TIM1_CC_IRQHandler
                0x0000000008000a6c                BDMA_Channel6_IRQHandler
                0x0000000008000a6c                DMA2_Stream5_IRQHandler
                0x0000000008000a6c                HRTIM1_FLT_IRQHandler
                0x0000000008000a6c                JPEG_IRQHandler
                0x0000000008000a6c                DMA1_Stream5_IRQHandler
                0x0000000008000a6c                BDMA_Channel1_IRQHandler
                0x0000000008000a6c                HRTIM1_TIMD_IRQHandler
                0x0000000008000a6c                TAMP_STAMP_IRQHandler
                0x0000000008000a6c                EXTI3_IRQHandler
                0x0000000008000a6c                LPTIM4_IRQHandler
                0x0000000008000a6c                TIM8_TRG_COM_TIM14_IRQHandler
                0x0000000008000a6c                LPTIM2_IRQHandler
                0x0000000008000a6c                DFSDM1_FLT1_IRQHandler
                0x0000000008000a6c                DMAMUX2_OVR_IRQHandler
                0x0000000008000a6c                TIM8_UP_TIM13_IRQHandler
                0x0000000008000a6c                I2C3_ER_IRQHandler
                0x0000000008000a6c                DFSDM1_FLT2_IRQHandler
                0x0000000008000a6c                MDMA_IRQHandler
                0x0000000008000a6c                LPTIM3_IRQHandler
                0x0000000008000a6c                HSEM1_IRQHandler
                0x0000000008000a6c                EXTI0_IRQHandler
                0x0000000008000a6c                I2C2_EV_IRQHandler
                0x0000000008000a6c                DMA1_Stream2_IRQHandler
                0x0000000008000a6c                FPU_IRQHandler
                0x0000000008000a6c                OTG_HS_WKUP_IRQHandler
                0x0000000008000a6c                FDCAN1_IT1_IRQHandler
                0x0000000008000a6c                LTDC_ER_IRQHandler
                0x0000000008000a6c                DMA2_Stream2_IRQHandler
                0x0000000008000a6c                HRTIM1_TIME_IRQHandler
                0x0000000008000a6c                SPI1_IRQHandler
                0x0000000008000a6c                TIM6_DAC_IRQHandler
                0x0000000008000a6c                DCMI_IRQHandler
                0x0000000008000a6c                HRTIM1_TIMC_IRQHandler
                0x0000000008000a6c                DMA2_Stream3_IRQHandler
                0x0000000008000a6c                SAI2_IRQHandler
                0x0000000008000a6c                DFSDM1_FLT3_IRQHandler
                0x0000000008000a6c                USART6_IRQHandler
                0x0000000008000a6c                TIM17_IRQHandler
                0x0000000008000a6c                USART3_IRQHandler
                0x0000000008000a6c                BDMA_Channel7_IRQHandler
                0x0000000008000a6c                LPTIM5_IRQHandler
                0x0000000008000a6c                UART5_IRQHandler
                0x0000000008000a6c                ADC3_IRQHandler
                0x0000000008000a6c                DMA2_Stream0_IRQHandler
                0x0000000008000a6c                TIM4_IRQHandler
                0x0000000008000a6c                BDMA_Channel2_IRQHandler
                0x0000000008000a6c                QUADSPI_IRQHandler
                0x0000000008000a6c                I2C1_EV_IRQHandler
                0x0000000008000a6c                DMA1_Stream6_IRQHandler
                0x0000000008000a6c                DMAMUX1_OVR_IRQHandler
                0x0000000008000a6c                DMA1_Stream1_IRQHandler
                0x0000000008000a6c                TIM16_IRQHandler
                0x0000000008000a6c                UART4_IRQHandler
                0x0000000008000a6c                BDMA_Channel5_IRQHandler
                0x0000000008000a6c                TIM3_IRQHandler
                0x0000000008000a6c                RCC_IRQHandler
                0x0000000008000a6c                TIM8_BRK_TIM12_IRQHandler
                0x0000000008000a6c                TIM1_TRG_COM_IRQHandler
                0x0000000008000a6c                Default_Handler
                0x0000000008000a6c                ECC_IRQHandler
                0x0000000008000a6c                CEC_IRQHandler
                0x0000000008000a6c                EXTI15_10_IRQHandler
                0x0000000008000a6c                BDMA_Channel0_IRQHandler
                0x0000000008000a6c                ADC_IRQHandler
                0x0000000008000a6c                DMA1_Stream7_IRQHandler
                0x0000000008000a6c                HRTIM1_TIMA_IRQHandler
                0x0000000008000a6c                SPI5_IRQHandler
                0x0000000008000a6c                TIM7_IRQHandler
                0x0000000008000a6c                SDMMC1_IRQHandler
                0x0000000008000a6c                TIM5_IRQHandler
                0x0000000008000a6c                DMA2_Stream7_IRQHandler
                0x0000000008000a6c                TIM15_IRQHandler
                0x0000000008000a6c                PVD_AVD_IRQHandler
                0x0000000008000a6c                I2C3_EV_IRQHandler
                0x0000000008000a6c                EXTI9_5_IRQHandler
                0x0000000008000a6c                RTC_WKUP_IRQHandler
                0x0000000008000a6c                LTDC_IRQHandler
                0x0000000008000a6c                SAI3_IRQHandler
                0x0000000008000a6c                ETH_WKUP_IRQHandler
                0x0000000008000a6c                SPDIF_RX_IRQHandler
                0x0000000008000a6c                SPI2_IRQHandler
                0x0000000008000a6c                OTG_HS_EP1_IN_IRQHandler
                0x0000000008000a6c                DMA1_Stream0_IRQHandler
                0x0000000008000a6c                CRS_IRQHandler
                0x0000000008000a6c                CM7_SEV_IRQHandler
                0x0000000008000a6c                EXTI4_IRQHandler
                0x0000000008000a6c                RNG_IRQHandler
                0x0000000008000a6c                CM4_SEV_IRQHandler
                0x0000000008000a6c                HRTIM1_TIMB_IRQHandler
                0x0000000008000a6c                FDCAN2_IT1_IRQHandler
                0x0000000008000a6c                ETH_IRQHandler
                0x0000000008000a6c                TIM1_UP_IRQHandler
                0x0000000008000a6c                WWDG_RST_IRQHandler
                0x0000000008000a6c                BDMA_Channel4_IRQHandler
                0x0000000008000a6c                OTG_HS_EP1_OUT_IRQHandler
                0x0000000008000a6c                WWDG_IRQHandler
                0x0000000008000a6c                SPI6_IRQHandler
                0x0000000008000a6c                MDIOS_IRQHandler
                0x0000000008000a6c                I2C4_EV_IRQHandler
                0x0000000008000a6c                FDCAN2_IT0_IRQHandler
                0x0000000008000a6c                LPUART1_IRQHandler
                0x0000000008000a6c                FDCAN1_IT0_IRQHandler
                0x0000000008000a6c                TIM2_IRQHandler
                0x0000000008000a6c                OTG_FS_WKUP_IRQHandler
                0x0000000008000a6c                OTG_HS_IRQHandler
                0x0000000008000a6c                HSEM2_IRQHandler
                0x0000000008000a6c                DMA2D_IRQHandler
                0x0000000008000a6c                TIM1_BRK_IRQHandler
                0x0000000008000a6c                EXTI1_IRQHandler
                0x0000000008000a6c                SDMMC2_IRQHandler
                0x0000000008000a6c                OTG_FS_EP1_OUT_IRQHandler
                0x0000000008000a6c                BDMA_Channel3_IRQHandler
                0x0000000008000a6c                HOLD_CORE_IRQHandler
                0x0000000008000a6c                UART7_IRQHandler
                0x0000000008000a6c                MDIOS_WKUP_IRQHandler
                0x0000000008000a6c                USART2_IRQHandler
                0x0000000008000a6c                DFSDM1_FLT0_IRQHandler
                0x0000000008000a6c                SAI4_IRQHandler
                0x0000000008000a6c                I2C2_ER_IRQHandler
                0x0000000008000a6c                DMA2_Stream1_IRQHandler
                0x0000000008000a6c                FLASH_IRQHandler
                0x0000000008000a6c                DMA2_Stream4_IRQHandler
                0x0000000008000a6c                USART1_IRQHandler
                0x0000000008000a6c                SPI3_IRQHandler
                0x0000000008000a6c                WAKEUP_PIN_IRQHandler
                0x0000000008000a6c                DMA1_Stream4_IRQHandler
                0x0000000008000a6c                OTG_FS_EP1_IN_IRQHandler
                0x0000000008000a6c                I2C1_ER_IRQHandler
                0x0000000008000a6c                FMC_IRQHandler
                0x0000000008000a6c                FDCAN_CAL_IRQHandler
                0x0000000008000a6c                SWPMI1_IRQHandler
                0x0000000008000a6c                COMP1_IRQHandler
                0x0000000008000a6c                LPTIM1_IRQHandler
                0x0000000008000a6c                I2C4_ER_IRQHandler
                0x0000000008000a6c                DMA2_Stream6_IRQHandler
                0x0000000008000a6c                SAI1_IRQHandler
                0x0000000008000a6c                DMA1_Stream3_IRQHandler
 *fill*         0x0000000008000a6e        0x2 
 .text.HAL_Init
                0x0000000008000a70       0x78 Drivers/STM32H7xx_HAL_Driver/stm32h7xx_hal.o
                0x0000000008000a70                HAL_Init
 .text.HAL_InitTick
                0x0000000008000ae8       0x6c Drivers/STM32H7xx_HAL_Driver/stm32h7xx_hal.o
                0x0000000008000ae8                HAL_InitTick
 .text.HAL_IncTick
                0x0000000008000b54       0x28 Drivers/STM32H7xx_HAL_Driver/stm32h7xx_hal.o
                0x0000000008000b54                HAL_IncTick
 .text.HAL_GetTick
                0x0000000008000b7c       0x18 Drivers/STM32H7xx_HAL_Driver/stm32h7xx_hal.o
                0x0000000008000b7c                HAL_GetTick
 .text.HAL_Delay
                0x0000000008000b94       0x44 Drivers/STM32H7xx_HAL_Driver/stm32h7xx_hal.o
                0x0000000008000b94                HAL_Delay
 .text.HAL_GetREVID
                0x0000000008000bd8       0x18 Drivers/STM32H7xx_HAL_Driver/stm32h7xx_hal.o
                0x0000000008000bd8                HAL_GetREVID
 .text.__NVIC_SetPriorityGrouping
                0x0000000008000bf0       0x48 Drivers/STM32H7xx_HAL_Driver/stm32h7xx_hal_cortex.o
 .text.__NVIC_GetPriorityGrouping
                0x0000000008000c38       0x1c Drivers/STM32H7xx_HAL_Driver/stm32h7xx_hal_cortex.o
 .text.__NVIC_EnableIRQ
                0x0000000008000c54       0x3c Drivers/STM32H7xx_HAL_Driver/stm32h7xx_hal_cortex.o
 .text.__NVIC_SetPriority
                0x0000000008000c90       0x54 Drivers/STM32H7xx_HAL_Driver/stm32h7xx_hal_cortex.o
 .text.NVIC_EncodePriority
                0x0000000008000ce4       0x66 Drivers/STM32H7xx_HAL_Driver/stm32h7xx_hal_cortex.o
 *fill*         0x0000000008000d4a        0x2 
 .text.SysTick_Config
                0x0000000008000d4c       0x44 Drivers/STM32H7xx_HAL_Driver/stm32h7xx_hal_cortex.o
 .text.HAL_NVIC_SetPriorityGrouping
                0x0000000008000d90       0x16 Drivers/STM32H7xx_HAL_Driver/stm32h7xx_hal_cortex.o
                0x0000000008000d90                HAL_NVIC_SetPriorityGrouping
 .text.HAL_NVIC_SetPriority
                0x0000000008000da6       0x34 Drivers/STM32H7xx_HAL_Driver/stm32h7xx_hal_cortex.o
                0x0000000008000da6                HAL_NVIC_SetPriority
 .text.HAL_NVIC_EnableIRQ
                0x0000000008000dda       0x1c Drivers/STM32H7xx_HAL_Driver/stm32h7xx_hal_cortex.o
                0x0000000008000dda                HAL_NVIC_EnableIRQ
 .text.HAL_SYSTICK_Config
                0x0000000008000df6       0x18 Drivers/STM32H7xx_HAL_Driver/stm32h7xx_hal_cortex.o
                0x0000000008000df6                HAL_SYSTICK_Config
 *fill*         0x0000000008000e0e        0x2 
 .text.HAL_GPIO_Init
                0x0000000008000e10      0x360 Drivers/STM32H7xx_HAL_Driver/stm32h7xx_hal_gpio.o
                0x0000000008000e10                HAL_GPIO_Init
 .text.HAL_HSEM_FastTake
                0x0000000008001170       0x34 Drivers/STM32H7xx_HAL_Driver/stm32h7xx_hal_hsem.o
                0x0000000008001170                HAL_HSEM_FastTake
 .text.HAL_HSEM_Release
                0x00000000080011a4       0x28 Drivers/STM32H7xx_HAL_Driver/stm32h7xx_hal_hsem.o
                0x00000000080011a4                HAL_HSEM_Release
 .text.HAL_PCD_Init
                0x00000000080011cc      0x248 Drivers/STM32H7xx_HAL_Driver/stm32h7xx_hal_pcd.o
                0x00000000080011cc                HAL_PCD_Init
 .text.HAL_PCD_Start
                0x0000000008001414       0x66 Drivers/STM32H7xx_HAL_Driver/stm32h7xx_hal_pcd.o
                0x0000000008001414                HAL_PCD_Start
 .text.HAL_PCD_IRQHandler
                0x000000000800147a      0x7be Drivers/STM32H7xx_HAL_Driver/stm32h7xx_hal_pcd.o
                0x000000000800147a                HAL_PCD_IRQHandler
 .text.HAL_PCD_SetAddress
                0x0000000008001c38       0x4a Drivers/STM32H7xx_HAL_Driver/stm32h7xx_hal_pcd.o
                0x0000000008001c38                HAL_PCD_SetAddress
 .text.HAL_PCD_EP_Open
                0x0000000008001c82       0xd0 Drivers/STM32H7xx_HAL_Driver/stm32h7xx_hal_pcd.o
                0x0000000008001c82                HAL_PCD_EP_Open
 .text.HAL_PCD_EP_Close
                0x0000000008001d52       0x94 Drivers/STM32H7xx_HAL_Driver/stm32h7xx_hal_pcd.o
                0x0000000008001d52                HAL_PCD_EP_Close
 .text.HAL_PCD_EP_Receive
                0x0000000008001de6       0x96 Drivers/STM32H7xx_HAL_Driver/stm32h7xx_hal_pcd.o
                0x0000000008001de6                HAL_PCD_EP_Receive
 .text.HAL_PCD_EP_Transmit
                0x0000000008001e7c       0x94 Drivers/STM32H7xx_HAL_Driver/stm32h7xx_hal_pcd.o
                0x0000000008001e7c                HAL_PCD_EP_Transmit
 .text.HAL_PCD_EP_SetStall
                0x0000000008001f10       0xc8 Drivers/STM32H7xx_HAL_Driver/stm32h7xx_hal_pcd.o
                0x0000000008001f10                HAL_PCD_EP_SetStall
 .text.HAL_PCD_EP_ClrStall
                0x0000000008001fd8       0xac Drivers/STM32H7xx_HAL_Driver/stm32h7xx_hal_pcd.o
                0x0000000008001fd8                HAL_PCD_EP_ClrStall
 .text.PCD_WriteEmptyTxFifo
                0x0000000008002084      0x11a Drivers/STM32H7xx_HAL_Driver/stm32h7xx_hal_pcd.o
 *fill*         0x000000000800219e        0x2 
 .text.PCD_EP_OutXfrComplete_int
                0x00000000080021a0      0x218 Drivers/STM32H7xx_HAL_Driver/stm32h7xx_hal_pcd.o
 .text.PCD_EP_OutSetupPacket_int
                0x00000000080023b8       0x8c Drivers/STM32H7xx_HAL_Driver/stm32h7xx_hal_pcd.o
 .text.HAL_PCDEx_SetTxFiFo
                0x0000000008002444       0x8e Drivers/STM32H7xx_HAL_Driver/stm32h7xx_hal_pcd_ex.o
                0x0000000008002444                HAL_PCDEx_SetTxFiFo
 .text.HAL_PCDEx_SetRxFiFo
                0x00000000080024d2       0x22 Drivers/STM32H7xx_HAL_Driver/stm32h7xx_hal_pcd_ex.o
                0x00000000080024d2                HAL_PCDEx_SetRxFiFo
 .text.HAL_PCDEx_ActivateLPM
                0x00000000080024f4       0x48 Drivers/STM32H7xx_HAL_Driver/stm32h7xx_hal_pcd_ex.o
                0x00000000080024f4                HAL_PCDEx_ActivateLPM
 .text.HAL_PCDEx_LPM_Callback
                0x000000000800253c       0x18 Drivers/STM32H7xx_HAL_Driver/stm32h7xx_hal_pcd_ex.o
                0x000000000800253c                HAL_PCDEx_LPM_Callback
 .text.HAL_PWREx_ConfigSupply
                0x0000000008002554       0xb4 Drivers/STM32H7xx_HAL_Driver/stm32h7xx_hal_pwr_ex.o
                0x0000000008002554                HAL_PWREx_ConfigSupply
 .text.HAL_PWREx_EnableUSBVoltageDetector
                0x0000000008002608       0x20 Drivers/STM32H7xx_HAL_Driver/stm32h7xx_hal_pwr_ex.o
                0x0000000008002608                HAL_PWREx_EnableUSBVoltageDetector
 .text.HAL_RCC_OscConfig
                0x0000000008002628      0x820 Drivers/STM32H7xx_HAL_Driver/stm32h7xx_hal_rcc.o
                0x0000000008002628                HAL_RCC_OscConfig
 .text.HAL_RCC_ClockConfig
                0x0000000008002e48      0x36c Drivers/STM32H7xx_HAL_Driver/stm32h7xx_hal_rcc.o
                0x0000000008002e48                HAL_RCC_ClockConfig
 .text.HAL_RCC_GetSysClockFreq
                0x00000000080031b4      0x2e4 Drivers/STM32H7xx_HAL_Driver/stm32h7xx_hal_rcc.o
                0x00000000080031b4                HAL_RCC_GetSysClockFreq
 .text.HAL_RCC_GetHCLKFreq
                0x0000000008003498       0x60 Drivers/STM32H7xx_HAL_Driver/stm32h7xx_hal_rcc.o
                0x0000000008003498                HAL_RCC_GetHCLKFreq
 .text.HAL_RCCEx_PeriphCLKConfig
                0x00000000080034f8      0xddc Drivers/STM32H7xx_HAL_Driver/stm32h7xx_hal_rcc_ex.o
                0x00000000080034f8                HAL_RCCEx_PeriphCLKConfig
 .text.RCCEx_PLL2_Config
                0x00000000080042d4      0x164 Drivers/STM32H7xx_HAL_Driver/stm32h7xx_hal_rcc_ex.o
 .text.RCCEx_PLL3_Config
                0x0000000008004438      0x164 Drivers/STM32H7xx_HAL_Driver/stm32h7xx_hal_rcc_ex.o
 .text.USB_CoreInit
                0x000000000800459c       0xc4 Drivers/STM32H7xx_HAL_Driver/stm32h7xx_ll_usb.o
                0x000000000800459c                USB_CoreInit
 .text.USB_SetTurnaroundTime
                0x0000000008004660      0x144 Drivers/STM32H7xx_HAL_Driver/stm32h7xx_ll_usb.o
                0x0000000008004660                USB_SetTurnaroundTime
 .text.USB_EnableGlobalInt
                0x00000000080047a4       0x22 Drivers/STM32H7xx_HAL_Driver/stm32h7xx_ll_usb.o
                0x00000000080047a4                USB_EnableGlobalInt
 .text.USB_DisableGlobalInt
                0x00000000080047c6       0x22 Drivers/STM32H7xx_HAL_Driver/stm32h7xx_ll_usb.o
                0x00000000080047c6                USB_DisableGlobalInt
 .text.USB_SetCurrentMode
                0x00000000080047e8       0x54 Drivers/STM32H7xx_HAL_Driver/stm32h7xx_ll_usb.o
                0x00000000080047e8                USB_SetCurrentMode
 .text.USB_DevInit
                0x000000000800483c      0x2bc Drivers/STM32H7xx_HAL_Driver/stm32h7xx_ll_usb.o
                0x000000000800483c                USB_DevInit
 .text.USB_FlushTxFifo
                0x0000000008004af8       0x4c Drivers/STM32H7xx_HAL_Driver/stm32h7xx_ll_usb.o
                0x0000000008004af8                USB_FlushTxFifo
 .text.USB_FlushRxFifo
                0x0000000008004b44       0x44 Drivers/STM32H7xx_HAL_Driver/stm32h7xx_ll_usb.o
                0x0000000008004b44                USB_FlushRxFifo
 .text.USB_SetDevSpeed
                0x0000000008004b88       0x32 Drivers/STM32H7xx_HAL_Driver/stm32h7xx_ll_usb.o
                0x0000000008004b88                USB_SetDevSpeed
 .text.USB_GetDevSpeed
                0x0000000008004bba       0x4a Drivers/STM32H7xx_HAL_Driver/stm32h7xx_ll_usb.o
                0x0000000008004bba                USB_GetDevSpeed
 .text.USB_ActivateEndpoint
                0x0000000008004c04      0x110 Drivers/STM32H7xx_HAL_Driver/stm32h7xx_ll_usb.o
                0x0000000008004c04                USB_ActivateEndpoint
 .text.USB_DeactivateEndpoint
                0x0000000008004d14      0x1b8 Drivers/STM32H7xx_HAL_Driver/stm32h7xx_ll_usb.o
                0x0000000008004d14                USB_DeactivateEndpoint
 .text.USB_EPStartXfer
                0x0000000008004ecc      0x498 Drivers/STM32H7xx_HAL_Driver/stm32h7xx_ll_usb.o
                0x0000000008004ecc                USB_EPStartXfer
 .text.USB_EP0StartXfer
                0x0000000008005364      0x2b0 Drivers/STM32H7xx_HAL_Driver/stm32h7xx_ll_usb.o
                0x0000000008005364                USB_EP0StartXfer
 .text.USB_WritePacket
                0x0000000008005614       0x6a Drivers/STM32H7xx_HAL_Driver/stm32h7xx_ll_usb.o
                0x0000000008005614                USB_WritePacket
 .text.USB_ReadPacket
                0x000000000800567e       0x52 Drivers/STM32H7xx_HAL_Driver/stm32h7xx_ll_usb.o
                0x000000000800567e                USB_ReadPacket
 .text.USB_EPSetStall
                0x00000000080056d0       0xdc Drivers/STM32H7xx_HAL_Driver/stm32h7xx_ll_usb.o
                0x00000000080056d0                USB_EPSetStall
 .text.USB_EPClearStall
                0x00000000080057ac       0xcc Drivers/STM32H7xx_HAL_Driver/stm32h7xx_ll_usb.o
                0x00000000080057ac                USB_EPClearStall
 .text.USB_SetDevAddress
                0x0000000008005878       0x4c Drivers/STM32H7xx_HAL_Driver/stm32h7xx_ll_usb.o
                0x0000000008005878                USB_SetDevAddress
 .text.USB_DevConnect
                0x00000000080058c4       0x30 Drivers/STM32H7xx_HAL_Driver/stm32h7xx_ll_usb.o
                0x00000000080058c4                USB_DevConnect
 .text.USB_DevDisconnect
                0x00000000080058f4       0x30 Drivers/STM32H7xx_HAL_Driver/stm32h7xx_ll_usb.o
                0x00000000080058f4                USB_DevDisconnect
 .text.USB_ReadInterrupts
                0x0000000008005924       0x26 Drivers/STM32H7xx_HAL_Driver/stm32h7xx_ll_usb.o
                0x0000000008005924                USB_ReadInterrupts
 .text.USB_ReadDevAllOutEpInterrupt
                0x000000000800594a       0x34 Drivers/STM32H7xx_HAL_Driver/stm32h7xx_ll_usb.o
                0x000000000800594a                USB_ReadDevAllOutEpInterrupt
 .text.USB_ReadDevAllInEpInterrupt
                0x000000000800597e       0x34 Drivers/STM32H7xx_HAL_Driver/stm32h7xx_ll_usb.o
                0x000000000800597e                USB_ReadDevAllInEpInterrupt
 .text.USB_ReadDevOutEPInterrupt
                0x00000000080059b2       0x3c Drivers/STM32H7xx_HAL_Driver/stm32h7xx_ll_usb.o
                0x00000000080059b2                USB_ReadDevOutEPInterrupt
 .text.USB_ReadDevInEPInterrupt
                0x00000000080059ee       0x5c Drivers/STM32H7xx_HAL_Driver/stm32h7xx_ll_usb.o
                0x00000000080059ee                USB_ReadDevInEPInterrupt
 .text.USB_GetMode
                0x0000000008005a4a       0x1c Drivers/STM32H7xx_HAL_Driver/stm32h7xx_ll_usb.o
                0x0000000008005a4a                USB_GetMode
 *fill*         0x0000000008005a66        0x2 
 .text.USB_ActivateSetup
                0x0000000008005a68       0x48 Drivers/STM32H7xx_HAL_Driver/stm32h7xx_ll_usb.o
                0x0000000008005a68                USB_ActivateSetup
 .text.USB_EP0_OutStart
                0x0000000008005ab0       0xbc Drivers/STM32H7xx_HAL_Driver/stm32h7xx_ll_usb.o
                0x0000000008005ab0                USB_EP0_OutStart
 .text.USB_CoreReset
                0x0000000008005b6c       0x68 Drivers/STM32H7xx_HAL_Driver/stm32h7xx_ll_usb.o
 .text.USBD_Init
                0x0000000008005bd4       0x6c Middlewares/ST/STM32_USB_Device_Library/usbd_core.o
                0x0000000008005bd4                USBD_Init
 .text.USBD_RegisterClass
                0x0000000008005c40       0x42 Middlewares/ST/STM32_USB_Device_Library/usbd_core.o
                0x0000000008005c40                USBD_RegisterClass
 .text.USBD_Start
                0x0000000008005c82       0x18 Middlewares/ST/STM32_USB_Device_Library/usbd_core.o
                0x0000000008005c82                USBD_Start
 .text.USBD_RunTestMode
                0x0000000008005c9a       0x16 Middlewares/ST/STM32_USB_Device_Library/usbd_core.o
                0x0000000008005c9a                USBD_RunTestMode
 .text.USBD_SetClassConfig
                0x0000000008005cb0       0x38 Middlewares/ST/STM32_USB_Device_Library/usbd_core.o
                0x0000000008005cb0                USBD_SetClassConfig
 .text.USBD_ClrClassConfig
                0x0000000008005ce8       0x30 Middlewares/ST/STM32_USB_Device_Library/usbd_core.o
                0x0000000008005ce8                USBD_ClrClassConfig
 .text.USBD_LL_SetupStage
                0x0000000008005d18       0xa6 Middlewares/ST/STM32_USB_Device_Library/usbd_core.o
                0x0000000008005d18                USBD_LL_SetupStage
 .text.USBD_LL_DataOutStage
                0x0000000008005dbe       0xc6 Middlewares/ST/STM32_USB_Device_Library/usbd_core.o
                0x0000000008005dbe                USBD_LL_DataOutStage
 .text.USBD_LL_DataInStage
                0x0000000008005e84      0x12c Middlewares/ST/STM32_USB_Device_Library/usbd_core.o
                0x0000000008005e84                USBD_LL_DataInStage
 .text.USBD_LL_Reset
                0x0000000008005fb0       0x82 Middlewares/ST/STM32_USB_Device_Library/usbd_core.o
                0x0000000008005fb0                USBD_LL_Reset
 .text.USBD_LL_SetSpeed
                0x0000000008006032       0x20 Middlewares/ST/STM32_USB_Device_Library/usbd_core.o
                0x0000000008006032                USBD_LL_SetSpeed
 .text.USBD_LL_Suspend
                0x0000000008006052       0x2a Middlewares/ST/STM32_USB_Device_Library/usbd_core.o
                0x0000000008006052                USBD_LL_Suspend
 .text.USBD_LL_Resume
                0x000000000800607c       0x2c Middlewares/ST/STM32_USB_Device_Library/usbd_core.o
                0x000000000800607c                USBD_LL_Resume
 .text.USBD_LL_SOF
                0x00000000080060a8       0x34 Middlewares/ST/STM32_USB_Device_Library/usbd_core.o
                0x00000000080060a8                USBD_LL_SOF
 .text.USBD_LL_IsoINIncomplete
                0x00000000080060dc       0x1a Middlewares/ST/STM32_USB_Device_Library/usbd_core.o
                0x00000000080060dc                USBD_LL_IsoINIncomplete
 .text.USBD_LL_IsoOUTIncomplete
                0x00000000080060f6       0x1a Middlewares/ST/STM32_USB_Device_Library/usbd_core.o
                0x00000000080060f6                USBD_LL_IsoOUTIncomplete
 .text.USBD_LL_DevConnected
                0x0000000008006110       0x16 Middlewares/ST/STM32_USB_Device_Library/usbd_core.o
                0x0000000008006110                USBD_LL_DevConnected
 .text.USBD_LL_DevDisconnected
                0x0000000008006126       0x38 Middlewares/ST/STM32_USB_Device_Library/usbd_core.o
                0x0000000008006126                USBD_LL_DevDisconnected
 .text.SWAPBYTE
                0x000000000800615e       0x3c Middlewares/ST/STM32_USB_Device_Library/usbd_ctlreq.o
 *fill*         0x000000000800619a        0x2 
 .text.USBD_StdDevReq
                0x000000000800619c       0xdc Middlewares/ST/STM32_USB_Device_Library/usbd_ctlreq.o
                0x000000000800619c                USBD_StdDevReq
 .text.USBD_StdItfReq
                0x0000000008006278       0x8c Middlewares/ST/STM32_USB_Device_Library/usbd_ctlreq.o
                0x0000000008006278                USBD_StdItfReq
 .text.USBD_StdEPReq
                0x0000000008006304      0x2aa Middlewares/ST/STM32_USB_Device_Library/usbd_ctlreq.o
                0x0000000008006304                USBD_StdEPReq
 *fill*         0x00000000080065ae        0x2 
 .text.USBD_GetDescriptor
                0x00000000080065b0      0x2d4 Middlewares/ST/STM32_USB_Device_Library/usbd_ctlreq.o
 .text.USBD_SetAddress
                0x0000000008006884       0x84 Middlewares/ST/STM32_USB_Device_Library/usbd_ctlreq.o
 .text.USBD_SetConfig
                0x0000000008006908      0x148 Middlewares/ST/STM32_USB_Device_Library/usbd_ctlreq.o
 .text.USBD_GetConfig
                0x0000000008006a50       0x68 Middlewares/ST/STM32_USB_Device_Library/usbd_ctlreq.o
 .text.USBD_GetStatus
                0x0000000008006ab8       0x66 Middlewares/ST/STM32_USB_Device_Library/usbd_ctlreq.o
 .text.USBD_SetFeature
                0x0000000008006b1e       0x28 Middlewares/ST/STM32_USB_Device_Library/usbd_ctlreq.o
 .text.USBD_ClrFeature
                0x0000000008006b46       0x42 Middlewares/ST/STM32_USB_Device_Library/usbd_ctlreq.o
 .text.USBD_ParseSetupRequest
                0x0000000008006b88       0x74 Middlewares/ST/STM32_USB_Device_Library/usbd_ctlreq.o
                0x0000000008006b88                USBD_ParseSetupRequest
 .text.USBD_CtlError
                0x0000000008006bfc       0x22 Middlewares/ST/STM32_USB_Device_Library/usbd_ctlreq.o
                0x0000000008006bfc                USBD_CtlError
 .text.USBD_GetString
                0x0000000008006c1e       0x8c Middlewares/ST/STM32_USB_Device_Library/usbd_ctlreq.o
                0x0000000008006c1e                USBD_GetString
 .text.USBD_GetLen
                0x0000000008006caa       0x34 Middlewares/ST/STM32_USB_Device_Library/usbd_ctlreq.o
 .text.USBD_HID_Init
                0x0000000008006cde       0x68 Middlewares/ST/STM32_USB_Device_Library/usbd_hid.o
 .text.USBD_HID_DeInit
                0x0000000008006d46       0x48 Middlewares/ST/STM32_USB_Device_Library/usbd_hid.o
 *fill*         0x0000000008006d8e        0x2 
 .text.USBD_HID_Setup
                0x0000000008006d90      0x1f4 Middlewares/ST/STM32_USB_Device_Library/usbd_hid.o
 .text.USBD_HID_SendReport
                0x0000000008006f84       0x44 Middlewares/ST/STM32_USB_Device_Library/usbd_hid.o
                0x0000000008006f84                USBD_HID_SendReport
 .text.USBD_HID_GetFSCfgDesc
                0x0000000008006fc8       0x20 Middlewares/ST/STM32_USB_Device_Library/usbd_hid.o
 .text.USBD_HID_GetHSCfgDesc
                0x0000000008006fe8       0x20 Middlewares/ST/STM32_USB_Device_Library/usbd_hid.o
 .text.USBD_HID_GetOtherSpeedCfgDesc
                0x0000000008007008       0x20 Middlewares/ST/STM32_USB_Device_Library/usbd_hid.o
 .text.USBD_HID_DataIn
                0x0000000008007028       0x24 Middlewares/ST/STM32_USB_Device_Library/usbd_hid.o
 .text.USBD_HID_GetDeviceQualifierDesc
                0x000000000800704c       0x20 Middlewares/ST/STM32_USB_Device_Library/usbd_hid.o
 .text.USBD_CtlSendData
                0x000000000800706c       0x36 Middlewares/ST/STM32_USB_Device_Library/usbd_ioreq.o
                0x000000000800706c                USBD_CtlSendData
 .text.USBD_CtlContinueSendData
                0x00000000080070a2       0x22 Middlewares/ST/STM32_USB_Device_Library/usbd_ioreq.o
                0x00000000080070a2                USBD_CtlContinueSendData
 .text.USBD_CtlContinueRx
                0x00000000080070c4       0x22 Middlewares/ST/STM32_USB_Device_Library/usbd_ioreq.o
                0x00000000080070c4                USBD_CtlContinueRx
 .text.USBD_CtlSendStatus
                0x00000000080070e6       0x26 Middlewares/ST/STM32_USB_Device_Library/usbd_ioreq.o
                0x00000000080070e6                USBD_CtlSendStatus
 .text.USBD_CtlReceiveStatus
                0x000000000800710c       0x26 Middlewares/ST/STM32_USB_Device_Library/usbd_ioreq.o
                0x000000000800710c                USBD_CtlReceiveStatus
 *fill*         0x0000000008007132        0x2 
 .text.MX_USB_DEVICE_Init
                0x0000000008007134       0x50 USB_DEVICE/App/usb_device.o
                0x0000000008007134                MX_USB_DEVICE_Init
 .text.USBD_FS_DeviceDescriptor
                0x0000000008007184       0x24 USB_DEVICE/App/usbd_desc.o
                0x0000000008007184                USBD_FS_DeviceDescriptor
 .text.USBD_FS_LangIDStrDescriptor
                0x00000000080071a8       0x24 USB_DEVICE/App/usbd_desc.o
                0x00000000080071a8                USBD_FS_LangIDStrDescriptor
 .text.USBD_FS_ProductStrDescriptor
                0x00000000080071cc       0x3c USB_DEVICE/App/usbd_desc.o
                0x00000000080071cc                USBD_FS_ProductStrDescriptor
 .text.USBD_FS_ManufacturerStrDescriptor
                0x0000000008007208       0x28 USB_DEVICE/App/usbd_desc.o
                0x0000000008007208                USBD_FS_ManufacturerStrDescriptor
 .text.USBD_FS_SerialStrDescriptor
                0x0000000008007230       0x24 USB_DEVICE/App/usbd_desc.o
                0x0000000008007230                USBD_FS_SerialStrDescriptor
 .text.USBD_FS_ConfigStrDescriptor
                0x0000000008007254       0x3c USB_DEVICE/App/usbd_desc.o
                0x0000000008007254                USBD_FS_ConfigStrDescriptor
 .text.USBD_FS_InterfaceStrDescriptor
                0x0000000008007290       0x3c USB_DEVICE/App/usbd_desc.o
                0x0000000008007290                USBD_FS_InterfaceStrDescriptor
 .text.Get_SerialNum
                0x00000000080072cc       0x58 USB_DEVICE/App/usbd_desc.o
 .text.IntToUnicode
                0x0000000008007324       0x7c USB_DEVICE/App/usbd_desc.o
 .text.HAL_PCD_MspInit
                0x00000000080073a0       0xa4 USB_DEVICE/Target/usbd_conf.o
                0x00000000080073a0                HAL_PCD_MspInit
 .text.HAL_PCD_SetupStageCallback
                0x0000000008007444       0x24 USB_DEVICE/Target/usbd_conf.o
                0x0000000008007444                HAL_PCD_SetupStageCallback
 .text.HAL_PCD_DataOutStageCallback
                0x0000000008007468       0x36 USB_DEVICE/Target/usbd_conf.o
                0x0000000008007468                HAL_PCD_DataOutStageCallback
 .text.HAL_PCD_DataInStageCallback
                0x000000000800749e       0x34 USB_DEVICE/Target/usbd_conf.o
                0x000000000800749e                HAL_PCD_DataInStageCallback
 .text.HAL_PCD_SOFCallback
                0x00000000080074d2       0x1c USB_DEVICE/Target/usbd_conf.o
                0x00000000080074d2                HAL_PCD_SOFCallback
 .text.HAL_PCD_ResetCallback
                0x00000000080074ee       0x50 USB_DEVICE/Target/usbd_conf.o
                0x00000000080074ee                HAL_PCD_ResetCallback
 *fill*         0x000000000800753e        0x2 
 .text.HAL_PCD_SuspendCallback
                0x0000000008007540       0x4c USB_DEVICE/Target/usbd_conf.o
                0x0000000008007540                HAL_PCD_SuspendCallback
 .text.HAL_PCD_ResumeCallback
                0x000000000800758c       0x1c USB_DEVICE/Target/usbd_conf.o
                0x000000000800758c                HAL_PCD_ResumeCallback
 .text.HAL_PCD_ISOOUTIncompleteCallback
                0x00000000080075a8       0x24 USB_DEVICE/Target/usbd_conf.o
                0x00000000080075a8                HAL_PCD_ISOOUTIncompleteCallback
 .text.HAL_PCD_ISOINIncompleteCallback
                0x00000000080075cc       0x24 USB_DEVICE/Target/usbd_conf.o
                0x00000000080075cc                HAL_PCD_ISOINIncompleteCallback
 .text.HAL_PCD_ConnectCallback
                0x00000000080075f0       0x1c USB_DEVICE/Target/usbd_conf.o
                0x00000000080075f0                HAL_PCD_ConnectCallback
 .text.HAL_PCD_DisconnectCallback
                0x000000000800760c       0x1c USB_DEVICE/Target/usbd_conf.o
                0x000000000800760c                HAL_PCD_DisconnectCallback
 .text.USBD_LL_Init
                0x0000000008007628       0xa0 USB_DEVICE/Target/usbd_conf.o
                0x0000000008007628                USBD_LL_Init
 .text.USBD_LL_Start
                0x00000000080076c8       0x36 USB_DEVICE/Target/usbd_conf.o
                0x00000000080076c8                USBD_LL_Start
 .text.USBD_LL_OpenEP
                0x00000000080076fe       0x4c USB_DEVICE/Target/usbd_conf.o
                0x00000000080076fe                USBD_LL_OpenEP
 .text.USBD_LL_CloseEP
                0x000000000800774a       0x3e USB_DEVICE/Target/usbd_conf.o
                0x000000000800774a                USBD_LL_CloseEP
 .text.USBD_LL_StallEP
                0x0000000008007788       0x3e USB_DEVICE/Target/usbd_conf.o
                0x0000000008007788                USBD_LL_StallEP
 .text.USBD_LL_ClearStallEP
                0x00000000080077c6       0x3e USB_DEVICE/Target/usbd_conf.o
                0x00000000080077c6                USBD_LL_ClearStallEP
 .text.USBD_LL_IsStallEP
                0x0000000008007804       0x58 USB_DEVICE/Target/usbd_conf.o
                0x0000000008007804                USBD_LL_IsStallEP
 .text.USBD_LL_SetUSBAddress
                0x000000000800785c       0x3e USB_DEVICE/Target/usbd_conf.o
                0x000000000800785c                USBD_LL_SetUSBAddress
 .text.USBD_LL_Transmit
                0x000000000800789a       0x42 USB_DEVICE/Target/usbd_conf.o
                0x000000000800789a                USBD_LL_Transmit
 .text.USBD_LL_PrepareReceive
                0x00000000080078dc       0x42 USB_DEVICE/Target/usbd_conf.o
                0x00000000080078dc                USBD_LL_PrepareReceive
 *fill*         0x000000000800791e        0x2 
 .text.USBD_Get_USB_Status
                0x0000000008007920       0x58 USB_DEVICE/Target/usbd_conf.o
                0x0000000008007920                USBD_Get_USB_Status
 .text.__errno  0x0000000008007978        0xc c:/st/stm32cubeide_1.4.0/stm32cubeide/plugins/com.st.stm32cube.ide.mcu.externaltools.gnu-tools-for-stm32.7-2018-q2-update.win32_1.4.0.202007081208/tools/bin/../lib/gcc/arm-none-eabi/7.3.1/../../../../arm-none-eabi/lib/thumb/v7e-m/fpv5/hard\libc_nano.a(lib_a-errno.o)
                0x0000000008007978                __errno
 .text.__libc_init_array
                0x0000000008007984       0x48 c:/st/stm32cubeide_1.4.0/stm32cubeide/plugins/com.st.stm32cube.ide.mcu.externaltools.gnu-tools-for-stm32.7-2018-q2-update.win32_1.4.0.202007081208/tools/bin/../lib/gcc/arm-none-eabi/7.3.1/../../../../arm-none-eabi/lib/thumb/v7e-m/fpv5/hard\libc_nano.a(lib_a-init.o)
                0x0000000008007984                __libc_init_array
 .text.malloc   0x00000000080079cc       0x10 c:/st/stm32cubeide_1.4.0/stm32cubeide/plugins/com.st.stm32cube.ide.mcu.externaltools.gnu-tools-for-stm32.7-2018-q2-update.win32_1.4.0.202007081208/tools/bin/../lib/gcc/arm-none-eabi/7.3.1/../../../../arm-none-eabi/lib/thumb/v7e-m/fpv5/hard\libc_nano.a(lib_a-malloc.o)
                0x00000000080079cc                malloc
 .text.free     0x00000000080079dc       0x10 c:/st/stm32cubeide_1.4.0/stm32cubeide/plugins/com.st.stm32cube.ide.mcu.externaltools.gnu-tools-for-stm32.7-2018-q2-update.win32_1.4.0.202007081208/tools/bin/../lib/gcc/arm-none-eabi/7.3.1/../../../../arm-none-eabi/lib/thumb/v7e-m/fpv5/hard\libc_nano.a(lib_a-malloc.o)
                0x00000000080079dc                free
 .text.memset   0x00000000080079ec       0x10 c:/st/stm32cubeide_1.4.0/stm32cubeide/plugins/com.st.stm32cube.ide.mcu.externaltools.gnu-tools-for-stm32.7-2018-q2-update.win32_1.4.0.202007081208/tools/bin/../lib/gcc/arm-none-eabi/7.3.1/../../../../arm-none-eabi/lib/thumb/v7e-m/fpv5/hard\libc_nano.a(lib_a-memset.o)
                0x00000000080079ec                memset
 .text._free_r  0x00000000080079fc       0x9c c:/st/stm32cubeide_1.4.0/stm32cubeide/plugins/com.st.stm32cube.ide.mcu.externaltools.gnu-tools-for-stm32.7-2018-q2-update.win32_1.4.0.202007081208/tools/bin/../lib/gcc/arm-none-eabi/7.3.1/../../../../arm-none-eabi/lib/thumb/v7e-m/fpv5/hard\libc_nano.a(lib_a-nano-freer.o)
                0x00000000080079fc                _free_r
 .text._malloc_r
                0x0000000008007a98       0xb4 c:/st/stm32cubeide_1.4.0/stm32cubeide/plugins/com.st.stm32cube.ide.mcu.externaltools.gnu-tools-for-stm32.7-2018-q2-update.win32_1.4.0.202007081208/tools/bin/../lib/gcc/arm-none-eabi/7.3.1/../../../../arm-none-eabi/lib/thumb/v7e-m/fpv5/hard\libc_nano.a(lib_a-nano-mallocr.o)
                0x0000000008007a98                _malloc_r
 .text._sbrk_r  0x0000000008007b4c       0x20 c:/st/stm32cubeide_1.4.0/stm32cubeide/plugins/com.st.stm32cube.ide.mcu.externaltools.gnu-tools-for-stm32.7-2018-q2-update.win32_1.4.0.202007081208/tools/bin/../lib/gcc/arm-none-eabi/7.3.1/../../../../arm-none-eabi/lib/thumb/v7e-m/fpv5/hard\libc_nano.a(lib_a-sbrkr.o)
                0x0000000008007b4c                _sbrk_r
 .text.__malloc_lock
                0x0000000008007b6c        0x2 c:/st/stm32cubeide_1.4.0/stm32cubeide/plugins/com.st.stm32cube.ide.mcu.externaltools.gnu-tools-for-stm32.7-2018-q2-update.win32_1.4.0.202007081208/tools/bin/../lib/gcc/arm-none-eabi/7.3.1/../../../../arm-none-eabi/lib/thumb/v7e-m/fpv5/hard\libc_nano.a(lib_a-mlock.o)
                0x0000000008007b6c                __malloc_lock
 .text.__malloc_unlock
                0x0000000008007b6e        0x2 c:/st/stm32cubeide_1.4.0/stm32cubeide/plugins/com.st.stm32cube.ide.mcu.externaltools.gnu-tools-for-stm32.7-2018-q2-update.win32_1.4.0.202007081208/tools/bin/../lib/gcc/arm-none-eabi/7.3.1/../../../../arm-none-eabi/lib/thumb/v7e-m/fpv5/hard\libc_nano.a(lib_a-mlock.o)
                0x0000000008007b6e                __malloc_unlock
 *(.glue_7)
 .glue_7        0x0000000008007b70        0x0 linker stubs
 *(.glue_7t)
 .glue_7t       0x0000000008007b70        0x0 linker stubs
 *(.eh_frame)
 .eh_frame      0x0000000008007b70        0x0 c:/st/stm32cubeide_1.4.0/stm32cubeide/plugins/com.st.stm32cube.ide.mcu.externaltools.gnu-tools-for-stm32.7-2018-q2-update.win32_1.4.0.202007081208/tools/bin/../lib/gcc/arm-none-eabi/7.3.1/thumb/v7e-m/fpv5/hard/crtbegin.o
 *(.init)
 .init          0x0000000008007b70        0x4 c:/st/stm32cubeide_1.4.0/stm32cubeide/plugins/com.st.stm32cube.ide.mcu.externaltools.gnu-tools-for-stm32.7-2018-q2-update.win32_1.4.0.202007081208/tools/bin/../lib/gcc/arm-none-eabi/7.3.1/thumb/v7e-m/fpv5/hard/crti.o
                0x0000000008007b70                _init
 .init          0x0000000008007b74        0x8 c:/st/stm32cubeide_1.4.0/stm32cubeide/plugins/com.st.stm32cube.ide.mcu.externaltools.gnu-tools-for-stm32.7-2018-q2-update.win32_1.4.0.202007081208/tools/bin/../lib/gcc/arm-none-eabi/7.3.1/thumb/v7e-m/fpv5/hard/crtn.o
 *(.fini)
 .fini          0x0000000008007b7c        0x4 c:/st/stm32cubeide_1.4.0/stm32cubeide/plugins/com.st.stm32cube.ide.mcu.externaltools.gnu-tools-for-stm32.7-2018-q2-update.win32_1.4.0.202007081208/tools/bin/../lib/gcc/arm-none-eabi/7.3.1/thumb/v7e-m/fpv5/hard/crti.o
                0x0000000008007b7c                _fini
 .fini          0x0000000008007b80        0x8 c:/st/stm32cubeide_1.4.0/stm32cubeide/plugins/com.st.stm32cube.ide.mcu.externaltools.gnu-tools-for-stm32.7-2018-q2-update.win32_1.4.0.202007081208/tools/bin/../lib/gcc/arm-none-eabi/7.3.1/thumb/v7e-m/fpv5/hard/crtn.o
                0x0000000008007b88                . = ALIGN (0x4)
                0x0000000008007b88                _etext = .

.vfp11_veneer   0x0000000008007b88        0x0
 .vfp11_veneer  0x0000000008007b88        0x0 linker stubs

.v4_bx          0x0000000008007b88        0x0
 .v4_bx         0x0000000008007b88        0x0 linker stubs

.iplt           0x0000000008007b88        0x0
 .iplt          0x0000000008007b88        0x0 c:/st/stm32cubeide_1.4.0/stm32cubeide/plugins/com.st.stm32cube.ide.mcu.externaltools.gnu-tools-for-stm32.7-2018-q2-update.win32_1.4.0.202007081208/tools/bin/../lib/gcc/arm-none-eabi/7.3.1/thumb/v7e-m/fpv5/hard/crtbegin.o

.rodata         0x0000000008007b88       0x58
                0x0000000008007b88                . = ALIGN (0x4)
 *(.rodata)
 .rodata        0x0000000008007b88       0x46 USB_DEVICE/App/usbd_desc.o
 *(.rodata*)
 *fill*         0x0000000008007bce        0x2 
 .rodata.D1CorePrescTable
                0x0000000008007bd0       0x10 Common/Src/system_stm32h7xx_dualcore_boot_cm4_cm7.o
                0x0000000008007bd0                D1CorePrescTable
                0x0000000008007be0                . = ALIGN (0x4)

.rel.dyn        0x0000000008007be0        0x0
 .rel.iplt      0x0000000008007be0        0x0 c:/st/stm32cubeide_1.4.0/stm32cubeide/plugins/com.st.stm32cube.ide.mcu.externaltools.gnu-tools-for-stm32.7-2018-q2-update.win32_1.4.0.202007081208/tools/bin/../lib/gcc/arm-none-eabi/7.3.1/thumb/v7e-m/fpv5/hard/crtbegin.o

.ARM.extab
 *(.ARM.extab* .gnu.linkonce.armextab.*)

.ARM            0x0000000008007be0        0x0
                0x0000000008007be0                __exidx_start = .
 *(.ARM.exidx*)
                0x0000000008007be0                __exidx_end = .

.preinit_array  0x0000000008007be0        0x0
                0x0000000008007be0                PROVIDE (__preinit_array_start = .)
 *(.preinit_array*)
                0x0000000008007be0                PROVIDE (__preinit_array_end = .)

.init_array     0x0000000008007be0        0x4
                0x0000000008007be0                PROVIDE (__init_array_start = .)
 *(SORT_BY_NAME(.init_array.*))
 *(.init_array*)
 .init_array    0x0000000008007be0        0x4 c:/st/stm32cubeide_1.4.0/stm32cubeide/plugins/com.st.stm32cube.ide.mcu.externaltools.gnu-tools-for-stm32.7-2018-q2-update.win32_1.4.0.202007081208/tools/bin/../lib/gcc/arm-none-eabi/7.3.1/thumb/v7e-m/fpv5/hard/crtbegin.o
                0x0000000008007be4                PROVIDE (__init_array_end = .)

.fini_array     0x0000000008007be4        0x4
                [!provide]                        PROVIDE (__fini_array_start = .)
 *(SORT_BY_NAME(.fini_array.*))
 *(.fini_array*)
 .fini_array    0x0000000008007be4        0x4 c:/st/stm32cubeide_1.4.0/stm32cubeide/plugins/com.st.stm32cube.ide.mcu.externaltools.gnu-tools-for-stm32.7-2018-q2-update.win32_1.4.0.202007081208/tools/bin/../lib/gcc/arm-none-eabi/7.3.1/thumb/v7e-m/fpv5/hard/crtbegin.o
                [!provide]                        PROVIDE (__fini_array_end = .)
                0x0000000008007be8                _sidata = LOADADDR (.data)

.data           0x0000000020000000      0x1d0 load address 0x0000000008007be8
                0x0000000020000000                . = ALIGN (0x4)
                0x0000000020000000                _sdata = .
 *(.data)
 *(.data*)
 .data.SystemCoreClock
                0x0000000020000000        0x4 Common/Src/system_stm32h7xx_dualcore_boot_cm4_cm7.o
                0x0000000020000000                SystemCoreClock
 .data.SystemD2Clock
                0x0000000020000004        0x4 Common/Src/system_stm32h7xx_dualcore_boot_cm4_cm7.o
                0x0000000020000004                SystemD2Clock
 .data.uwTickPrio
                0x0000000020000008        0x4 Drivers/STM32H7xx_HAL_Driver/stm32h7xx_hal.o
                0x0000000020000008                uwTickPrio
 .data.uwTickFreq
                0x000000002000000c        0x1 Drivers/STM32H7xx_HAL_Driver/stm32h7xx_hal.o
                0x000000002000000c                uwTickFreq
 *fill*         0x000000002000000d        0x3 
 .data.USBD_HID
                0x0000000020000010       0x38 Middlewares/ST/STM32_USB_Device_Library/usbd_hid.o
                0x0000000020000010                USBD_HID
 .data.USBD_HID_CfgFSDesc
                0x0000000020000048       0x22 Middlewares/ST/STM32_USB_Device_Library/usbd_hid.o
 *fill*         0x000000002000006a        0x2 
 .data.USBD_HID_CfgHSDesc
                0x000000002000006c       0x22 Middlewares/ST/STM32_USB_Device_Library/usbd_hid.o
 *fill*         0x000000002000008e        0x2 
 .data.USBD_HID_OtherSpeedCfgDesc
                0x0000000020000090       0x22 Middlewares/ST/STM32_USB_Device_Library/usbd_hid.o
 *fill*         0x00000000200000b2        0x2 
 .data.USBD_HID_Desc
                0x00000000200000b4        0x9 Middlewares/ST/STM32_USB_Device_Library/usbd_hid.o
 *fill*         0x00000000200000bd        0x3 
 .data.USBD_HID_DeviceQualifierDesc
                0x00000000200000c0        0xa Middlewares/ST/STM32_USB_Device_Library/usbd_hid.o
 *fill*         0x00000000200000ca        0x2 
 .data.HID_MOUSE_ReportDesc
                0x00000000200000cc       0x4d Middlewares/ST/STM32_USB_Device_Library/usbd_hid.o
 *fill*         0x0000000020000119        0x3 
 .data.FS_Desc  0x000000002000011c       0x1c USB_DEVICE/App/usbd_desc.o
                0x000000002000011c                FS_Desc
 .data.USBD_FS_DeviceDesc
                0x0000000020000138       0x12 USB_DEVICE/App/usbd_desc.o
                0x0000000020000138                USBD_FS_DeviceDesc
 *fill*         0x000000002000014a        0x2 
 .data.USBD_LangIDDesc
                0x000000002000014c        0x4 USB_DEVICE/App/usbd_desc.o
                0x000000002000014c                USBD_LangIDDesc
 .data.USBD_StringSerial
                0x0000000020000150       0x1a USB_DEVICE/App/usbd_desc.o
                0x0000000020000150                USBD_StringSerial
 *fill*         0x000000002000016a        0x2 
 .data._impure_ptr
                0x000000002000016c        0x4 c:/st/stm32cubeide_1.4.0/stm32cubeide/plugins/com.st.stm32cube.ide.mcu.externaltools.gnu-tools-for-stm32.7-2018-q2-update.win32_1.4.0.202007081208/tools/bin/../lib/gcc/arm-none-eabi/7.3.1/../../../../arm-none-eabi/lib/thumb/v7e-m/fpv5/hard\libc_nano.a(lib_a-impure.o)
                0x000000002000016c                _impure_ptr
 .data.impure_data
                0x0000000020000170       0x60 c:/st/stm32cubeide_1.4.0/stm32cubeide/plugins/com.st.stm32cube.ide.mcu.externaltools.gnu-tools-for-stm32.7-2018-q2-update.win32_1.4.0.202007081208/tools/bin/../lib/gcc/arm-none-eabi/7.3.1/../../../../arm-none-eabi/lib/thumb/v7e-m/fpv5/hard\libc_nano.a(lib_a-impure.o)
                0x00000000200001d0                . = ALIGN (0x4)
                0x00000000200001d0                _edata = .

.igot.plt       0x00000000200001d0        0x0 load address 0x0000000008007db8
 .igot.plt      0x00000000200001d0        0x0 c:/st/stm32cubeide_1.4.0/stm32cubeide/plugins/com.st.stm32cube.ide.mcu.externaltools.gnu-tools-for-stm32.7-2018-q2-update.win32_1.4.0.202007081208/tools/bin/../lib/gcc/arm-none-eabi/7.3.1/thumb/v7e-m/fpv5/hard/crtbegin.o
                0x00000000200001d0                . = ALIGN (0x4)

.bss            0x00000000200001d0      0x910 load address 0x0000000008007db8
                0x00000000200001d0                _sbss = .
                0x00000000200001d0                __bss_start__ = _sbss
 *(.bss)
 .bss           0x00000000200001d0       0x1c c:/st/stm32cubeide_1.4.0/stm32cubeide/plugins/com.st.stm32cube.ide.mcu.externaltools.gnu-tools-for-stm32.7-2018-q2-update.win32_1.4.0.202007081208/tools/bin/../lib/gcc/arm-none-eabi/7.3.1/thumb/v7e-m/fpv5/hard/crtbegin.o
 *(.bss*)
 .bss.HID_buffer
                0x00000000200001ec        0x4 Core/Src/ew_bsp_usb.o
                0x00000000200001ec                HID_buffer
 .bss.__sbrk_heap_end
                0x00000000200001f0        0x4 Core/Src/sysmem.o
 .bss.cfgidx.12109
                0x00000000200001f4        0x1 Middlewares/ST/STM32_USB_Device_Library/usbd_ctlreq.o
 *fill*         0x00000000200001f5        0x3 
 .bss.__malloc_free_list
                0x00000000200001f8        0x4 c:/st/stm32cubeide_1.4.0/stm32cubeide/plugins/com.st.stm32cube.ide.mcu.externaltools.gnu-tools-for-stm32.7-2018-q2-update.win32_1.4.0.202007081208/tools/bin/../lib/gcc/arm-none-eabi/7.3.1/../../../../arm-none-eabi/lib/thumb/v7e-m/fpv5/hard\libc_nano.a(lib_a-nano-mallocr.o)
                0x00000000200001f8                __malloc_free_list
 .bss.__malloc_sbrk_start
                0x00000000200001fc        0x4 c:/st/stm32cubeide_1.4.0/stm32cubeide/plugins/com.st.stm32cube.ide.mcu.externaltools.gnu-tools-for-stm32.7-2018-q2-update.win32_1.4.0.202007081208/tools/bin/../lib/gcc/arm-none-eabi/7.3.1/../../../../arm-none-eabi/lib/thumb/v7e-m/fpv5/hard\libc_nano.a(lib_a-nano-mallocr.o)
                0x00000000200001fc                __malloc_sbrk_start
 *(COMMON)
 COMMON         0x0000000020000200        0x4 Drivers/STM32H7xx_HAL_Driver/stm32h7xx_hal.o
                0x0000000020000200                uwTick
 COMMON         0x0000000020000204      0x2d0 USB_DEVICE/App/usb_device.o
                0x0000000020000204                hUsbDeviceFS
 COMMON         0x00000000200004d4      0x200 USB_DEVICE/App/usbd_desc.o
                0x00000000200004d4                USBD_StrDesc
 COMMON         0x00000000200006d4      0x408 USB_DEVICE/Target/usbd_conf.o
                0x00000000200006d4                hpcd_USB_OTG_FS
 COMMON         0x0000000020000adc        0x4 c:/st/stm32cubeide_1.4.0/stm32cubeide/plugins/com.st.stm32cube.ide.mcu.externaltools.gnu-tools-for-stm32.7-2018-q2-update.win32_1.4.0.202007081208/tools/bin/../lib/gcc/arm-none-eabi/7.3.1/../../../../arm-none-eabi/lib/thumb/v7e-m/fpv5/hard\libc_nano.a(lib_a-reent.o)
                0x0000000020000adc                errno
                0x0000000020000ae0                . = ALIGN (0x4)
                0x0000000020000ae0                _ebss = .
                0x0000000020000ae0                __bss_end__ = _ebss

._user_heap_stack
                0x0000000020000ae0      0x600 load address 0x0000000008007db8
                0x0000000020000ae0                . = ALIGN (0x8)
                [!provide]                        PROVIDE (end = .)
                0x0000000020000ae0                PROVIDE (_end = .)
                0x0000000020000ce0                . = (. + _Min_Heap_Size)
 *fill*         0x0000000020000ae0      0x200 
                0x00000000200010e0                . = (. + _Min_Stack_Size)
 *fill*         0x0000000020000ce0      0x400 
                0x00000000200010e0                . = ALIGN (0x8)

/DISCARD/
 libc.a(*)
 libm.a(*)
 libgcc.a(*)

.ARM.attributes
                0x0000000000000000       0x2e
 *(.ARM.attributes)
 .ARM.attributes
                0x0000000000000000       0x20 c:/st/stm32cubeide_1.4.0/stm32cubeide/plugins/com.st.stm32cube.ide.mcu.externaltools.gnu-tools-for-stm32.7-2018-q2-update.win32_1.4.0.202007081208/tools/bin/../lib/gcc/arm-none-eabi/7.3.1/thumb/v7e-m/fpv5/hard/crti.o
 .ARM.attributes
                0x0000000000000020       0x32 c:/st/stm32cubeide_1.4.0/stm32cubeide/plugins/com.st.stm32cube.ide.mcu.externaltools.gnu-tools-for-stm32.7-2018-q2-update.win32_1.4.0.202007081208/tools/bin/../lib/gcc/arm-none-eabi/7.3.1/thumb/v7e-m/fpv5/hard/crtbegin.o
 .ARM.attributes
                0x0000000000000052       0x37 Common/Src/system_stm32h7xx_dualcore_boot_cm4_cm7.o
 .ARM.attributes
                0x0000000000000089       0x37 Core/Src/ew_bsp_usb.o
 .ARM.attributes
                0x00000000000000c0       0x37 Core/Src/main.o
 .ARM.attributes
                0x00000000000000f7       0x37 Core/Src/stm32h7xx_hal_msp.o
 .ARM.attributes
                0x000000000000012e       0x37 Core/Src/stm32h7xx_it.o
 .ARM.attributes
                0x0000000000000165       0x37 Core/Src/sysmem.o
 .ARM.attributes
                0x000000000000019c       0x21 Core/Startup/startup_stm32h745xihx.o
 .ARM.attributes
                0x00000000000001bd       0x37 Drivers/STM32H7xx_HAL_Driver/stm32h7xx_hal.o
 .ARM.attributes
                0x00000000000001f4       0x37 Drivers/STM32H7xx_HAL_Driver/stm32h7xx_hal_cortex.o
 .ARM.attributes
                0x000000000000022b       0x37 Drivers/STM32H7xx_HAL_Driver/stm32h7xx_hal_gpio.o
 .ARM.attributes
                0x0000000000000262       0x37 Drivers/STM32H7xx_HAL_Driver/stm32h7xx_hal_hsem.o
 .ARM.attributes
                0x0000000000000299       0x37 Drivers/STM32H7xx_HAL_Driver/stm32h7xx_hal_pcd.o
 .ARM.attributes
                0x00000000000002d0       0x37 Drivers/STM32H7xx_HAL_Driver/stm32h7xx_hal_pcd_ex.o
 .ARM.attributes
                0x0000000000000307       0x37 Drivers/STM32H7xx_HAL_Driver/stm32h7xx_hal_pwr_ex.o
 .ARM.attributes
                0x000000000000033e       0x37 Drivers/STM32H7xx_HAL_Driver/stm32h7xx_hal_rcc.o
 .ARM.attributes
                0x0000000000000375       0x37 Drivers/STM32H7xx_HAL_Driver/stm32h7xx_hal_rcc_ex.o
 .ARM.attributes
                0x00000000000003ac       0x37 Drivers/STM32H7xx_HAL_Driver/stm32h7xx_ll_usb.o
 .ARM.attributes
                0x00000000000003e3       0x37 Middlewares/ST/STM32_USB_Device_Library/usbd_core.o
 .ARM.attributes
                0x000000000000041a       0x37 Middlewares/ST/STM32_USB_Device_Library/usbd_ctlreq.o
 .ARM.attributes
                0x0000000000000451       0x37 Middlewares/ST/STM32_USB_Device_Library/usbd_hid.o
 .ARM.attributes
                0x0000000000000488       0x37 Middlewares/ST/STM32_USB_Device_Library/usbd_ioreq.o
 .ARM.attributes
                0x00000000000004bf       0x37 USB_DEVICE/App/usb_device.o
 .ARM.attributes
                0x00000000000004f6       0x37 USB_DEVICE/App/usbd_desc.o
 .ARM.attributes
                0x000000000000052d       0x37 USB_DEVICE/Target/usbd_conf.o
 .ARM.attributes
                0x0000000000000564       0x32 c:/st/stm32cubeide_1.4.0/stm32cubeide/plugins/com.st.stm32cube.ide.mcu.externaltools.gnu-tools-for-stm32.7-2018-q2-update.win32_1.4.0.202007081208/tools/bin/../lib/gcc/arm-none-eabi/7.3.1/../../../../arm-none-eabi/lib/thumb/v7e-m/fpv5/hard\libc_nano.a(lib_a-errno.o)
 .ARM.attributes
                0x0000000000000596       0x32 c:/st/stm32cubeide_1.4.0/stm32cubeide/plugins/com.st.stm32cube.ide.mcu.externaltools.gnu-tools-for-stm32.7-2018-q2-update.win32_1.4.0.202007081208/tools/bin/../lib/gcc/arm-none-eabi/7.3.1/../../../../arm-none-eabi/lib/thumb/v7e-m/fpv5/hard\libc_nano.a(lib_a-impure.o)
 .ARM.attributes
                0x00000000000005c8       0x32 c:/st/stm32cubeide_1.4.0/stm32cubeide/plugins/com.st.stm32cube.ide.mcu.externaltools.gnu-tools-for-stm32.7-2018-q2-update.win32_1.4.0.202007081208/tools/bin/../lib/gcc/arm-none-eabi/7.3.1/../../../../arm-none-eabi/lib/thumb/v7e-m/fpv5/hard\libc_nano.a(lib_a-init.o)
 .ARM.attributes
                0x00000000000005fa       0x32 c:/st/stm32cubeide_1.4.0/stm32cubeide/plugins/com.st.stm32cube.ide.mcu.externaltools.gnu-tools-for-stm32.7-2018-q2-update.win32_1.4.0.202007081208/tools/bin/../lib/gcc/arm-none-eabi/7.3.1/../../../../arm-none-eabi/lib/thumb/v7e-m/fpv5/hard\libc_nano.a(lib_a-malloc.o)
 .ARM.attributes
                0x000000000000062c       0x32 c:/st/stm32cubeide_1.4.0/stm32cubeide/plugins/com.st.stm32cube.ide.mcu.externaltools.gnu-tools-for-stm32.7-2018-q2-update.win32_1.4.0.202007081208/tools/bin/../lib/gcc/arm-none-eabi/7.3.1/../../../../arm-none-eabi/lib/thumb/v7e-m/fpv5/hard\libc_nano.a(lib_a-memset.o)
 .ARM.attributes
                0x000000000000065e       0x32 c:/st/stm32cubeide_1.4.0/stm32cubeide/plugins/com.st.stm32cube.ide.mcu.externaltools.gnu-tools-for-stm32.7-2018-q2-update.win32_1.4.0.202007081208/tools/bin/../lib/gcc/arm-none-eabi/7.3.1/../../../../arm-none-eabi/lib/thumb/v7e-m/fpv5/hard\libc_nano.a(lib_a-nano-freer.o)
 .ARM.attributes
                0x0000000000000690       0x32 c:/st/stm32cubeide_1.4.0/stm32cubeide/plugins/com.st.stm32cube.ide.mcu.externaltools.gnu-tools-for-stm32.7-2018-q2-update.win32_1.4.0.202007081208/tools/bin/../lib/gcc/arm-none-eabi/7.3.1/../../../../arm-none-eabi/lib/thumb/v7e-m/fpv5/hard\libc_nano.a(lib_a-nano-mallocr.o)
 .ARM.attributes
                0x00000000000006c2       0x32 c:/st/stm32cubeide_1.4.0/stm32cubeide/plugins/com.st.stm32cube.ide.mcu.externaltools.gnu-tools-for-stm32.7-2018-q2-update.win32_1.4.0.202007081208/tools/bin/../lib/gcc/arm-none-eabi/7.3.1/../../../../arm-none-eabi/lib/thumb/v7e-m/fpv5/hard\libc_nano.a(lib_a-sbrkr.o)
 .ARM.attributes
                0x00000000000006f4       0x32 c:/st/stm32cubeide_1.4.0/stm32cubeide/plugins/com.st.stm32cube.ide.mcu.externaltools.gnu-tools-for-stm32.7-2018-q2-update.win32_1.4.0.202007081208/tools/bin/../lib/gcc/arm-none-eabi/7.3.1/../../../../arm-none-eabi/lib/thumb/v7e-m/fpv5/hard\libc_nano.a(lib_a-mlock.o)
 .ARM.attributes
                0x0000000000000726       0x32 c:/st/stm32cubeide_1.4.0/stm32cubeide/plugins/com.st.stm32cube.ide.mcu.externaltools.gnu-tools-for-stm32.7-2018-q2-update.win32_1.4.0.202007081208/tools/bin/../lib/gcc/arm-none-eabi/7.3.1/../../../../arm-none-eabi/lib/thumb/v7e-m/fpv5/hard\libc_nano.a(lib_a-reent.o)
 .ARM.attributes
                0x0000000000000758       0x20 c:/st/stm32cubeide_1.4.0/stm32cubeide/plugins/com.st.stm32cube.ide.mcu.externaltools.gnu-tools-for-stm32.7-2018-q2-update.win32_1.4.0.202007081208/tools/bin/../lib/gcc/arm-none-eabi/7.3.1/thumb/v7e-m/fpv5/hard/crtn.o
OUTPUT(Trackpad-GameController_CM7.elf elf32-littlearm)

.debug_info     0x0000000000000000    0x1f525
 .debug_info    0x0000000000000000     0x1695 Common/Src/system_stm32h7xx_dualcore_boot_cm4_cm7.o
 .debug_info    0x0000000000001695      0xfb9 Core/Src/ew_bsp_usb.o
 .debug_info    0x000000000000264e     0x1b8c Core/Src/main.o
 .debug_info    0x00000000000041da      0xe53 Core/Src/stm32h7xx_hal_msp.o
 .debug_info    0x000000000000502d      0xfef Core/Src/stm32h7xx_it.o
 .debug_info    0x000000000000601c      0x985 Core/Src/sysmem.o
 .debug_info    0x00000000000069a1       0x22 Core/Startup/startup_stm32h745xihx.o
 .debug_info    0x00000000000069c3     0x202f Drivers/STM32H7xx_HAL_Driver/stm32h7xx_hal.o
 .debug_info    0x00000000000089f2     0x1a92 Drivers/STM32H7xx_HAL_Driver/stm32h7xx_hal_cortex.o
 .debug_info    0x000000000000a484     0x16ec Drivers/STM32H7xx_HAL_Driver/stm32h7xx_hal_gpio.o
 .debug_info    0x000000000000bb70      0xdc2 Drivers/STM32H7xx_HAL_Driver/stm32h7xx_hal_hsem.o
 .debug_info    0x000000000000c932     0x1a8e Drivers/STM32H7xx_HAL_Driver/stm32h7xx_hal_pcd.o
 .debug_info    0x000000000000e3c0     0x11f1 Drivers/STM32H7xx_HAL_Driver/stm32h7xx_hal_pcd_ex.o
 .debug_info    0x000000000000f5b1     0x1b0b Drivers/STM32H7xx_HAL_Driver/stm32h7xx_hal_pwr_ex.o
 .debug_info    0x00000000000110bc     0x179e Drivers/STM32H7xx_HAL_Driver/stm32h7xx_hal_rcc.o
 .debug_info    0x000000000001285a     0x1bcd Drivers/STM32H7xx_HAL_Driver/stm32h7xx_hal_rcc_ex.o
 .debug_info    0x0000000000014427     0x227c Drivers/STM32H7xx_HAL_Driver/stm32h7xx_ll_usb.o
 .debug_info    0x00000000000166a3     0x139f Middlewares/ST/STM32_USB_Device_Library/usbd_core.o
 .debug_info    0x0000000000017a42     0x1357 Middlewares/ST/STM32_USB_Device_Library/usbd_ctlreq.o
 .debug_info    0x0000000000018d99     0x12b8 Middlewares/ST/STM32_USB_Device_Library/usbd_hid.o
 .debug_info    0x000000000001a051     0x10a2 Middlewares/ST/STM32_USB_Device_Library/usbd_ioreq.o
 .debug_info    0x000000000001b0f3      0xf37 USB_DEVICE/App/usb_device.o
 .debug_info    0x000000000001c02a      0xe31 USB_DEVICE/App/usbd_desc.o
 .debug_info    0x000000000001ce5b     0x26ca USB_DEVICE/Target/usbd_conf.o

.debug_abbrev   0x0000000000000000     0x3b1a
 .debug_abbrev  0x0000000000000000      0x22e Common/Src/system_stm32h7xx_dualcore_boot_cm4_cm7.o
 .debug_abbrev  0x000000000000022e      0x201 Core/Src/ew_bsp_usb.o
 .debug_abbrev  0x000000000000042f      0x270 Core/Src/main.o
 .debug_abbrev  0x000000000000069f      0x1e5 Core/Src/stm32h7xx_hal_msp.o
 .debug_abbrev  0x0000000000000884      0x1f2 Core/Src/stm32h7xx_it.o
 .debug_abbrev  0x0000000000000a76      0x19b Core/Src/sysmem.o
 .debug_abbrev  0x0000000000000c11       0x12 Core/Startup/startup_stm32h745xihx.o
 .debug_abbrev  0x0000000000000c23      0x2d9 Drivers/STM32H7xx_HAL_Driver/stm32h7xx_hal.o
 .debug_abbrev  0x0000000000000efc      0x3b5 Drivers/STM32H7xx_HAL_Driver/stm32h7xx_hal_cortex.o
 .debug_abbrev  0x00000000000012b1      0x28f Drivers/STM32H7xx_HAL_Driver/stm32h7xx_hal_gpio.o
 .debug_abbrev  0x0000000000001540      0x2ab Drivers/STM32H7xx_HAL_Driver/stm32h7xx_hal_hsem.o
 .debug_abbrev  0x00000000000017eb      0x2f4 Drivers/STM32H7xx_HAL_Driver/stm32h7xx_hal_pcd.o
 .debug_abbrev  0x0000000000001adf      0x2a2 Drivers/STM32H7xx_HAL_Driver/stm32h7xx_hal_pcd_ex.o
 .debug_abbrev  0x0000000000001d81      0x33a Drivers/STM32H7xx_HAL_Driver/stm32h7xx_hal_pwr_ex.o
 .debug_abbrev  0x00000000000020bb      0x2e2 Drivers/STM32H7xx_HAL_Driver/stm32h7xx_hal_rcc.o
 .debug_abbrev  0x000000000000239d      0x2db Drivers/STM32H7xx_HAL_Driver/stm32h7xx_hal_rcc_ex.o
 .debug_abbrev  0x0000000000002678      0x30a Drivers/STM32H7xx_HAL_Driver/stm32h7xx_ll_usb.o
 .debug_abbrev  0x0000000000002982      0x299 Middlewares/ST/STM32_USB_Device_Library/usbd_core.o
 .debug_abbrev  0x0000000000002c1b      0x2d6 Middlewares/ST/STM32_USB_Device_Library/usbd_ctlreq.o
 .debug_abbrev  0x0000000000002ef1      0x2b5 Middlewares/ST/STM32_USB_Device_Library/usbd_hid.o
 .debug_abbrev  0x00000000000031a6      0x218 Middlewares/ST/STM32_USB_Device_Library/usbd_ioreq.o
 .debug_abbrev  0x00000000000033be      0x1ed USB_DEVICE/App/usb_device.o
 .debug_abbrev  0x00000000000035ab      0x2ac USB_DEVICE/App/usbd_desc.o
 .debug_abbrev  0x0000000000003857      0x2c3 USB_DEVICE/Target/usbd_conf.o

.debug_aranges  0x0000000000000000      0xf40
 .debug_aranges
                0x0000000000000000       0x28 Common/Src/system_stm32h7xx_dualcore_boot_cm4_cm7.o
 .debug_aranges
                0x0000000000000028       0x68 Core/Src/ew_bsp_usb.o
 .debug_aranges
                0x0000000000000090       0x38 Core/Src/main.o
 .debug_aranges
                0x00000000000000c8       0x20 Core/Src/stm32h7xx_hal_msp.o
 .debug_aranges
                0x00000000000000e8       0x68 Core/Src/stm32h7xx_it.o
 .debug_aranges
                0x0000000000000150       0x20 Core/Src/sysmem.o
 .debug_aranges
                0x0000000000000170       0x28 Core/Startup/startup_stm32h745xihx.o
 .debug_aranges
                0x0000000000000198      0x220 Drivers/STM32H7xx_HAL_Driver/stm32h7xx_hal.o
 .debug_aranges
                0x00000000000003b8      0x120 Drivers/STM32H7xx_HAL_Driver/stm32h7xx_hal_cortex.o
 .debug_aranges
                0x00000000000004d8       0x58 Drivers/STM32H7xx_HAL_Driver/stm32h7xx_hal_gpio.o
 .debug_aranges
                0x0000000000000530       0x70 Drivers/STM32H7xx_HAL_Driver/stm32h7xx_hal_hsem.o
 .debug_aranges
                0x00000000000005a0      0x130 Drivers/STM32H7xx_HAL_Driver/stm32h7xx_hal_pcd.o
 .debug_aranges
                0x00000000000006d0       0x60 Drivers/STM32H7xx_HAL_Driver/stm32h7xx_hal_pcd_ex.o
 .debug_aranges
                0x0000000000000730      0x170 Drivers/STM32H7xx_HAL_Driver/stm32h7xx_hal_pwr_ex.o
 .debug_aranges
                0x00000000000008a0       0x88 Drivers/STM32H7xx_HAL_Driver/stm32h7xx_hal_rcc.o
 .debug_aranges
                0x0000000000000928      0x100 Drivers/STM32H7xx_HAL_Driver/stm32h7xx_hal_rcc_ex.o
 .debug_aranges
                0x0000000000000a28      0x198 Drivers/STM32H7xx_HAL_Driver/stm32h7xx_ll_usb.o
 .debug_aranges
                0x0000000000000bc0       0xb8 Middlewares/ST/STM32_USB_Device_Library/usbd_core.o
 .debug_aranges
                0x0000000000000c78       0x90 Middlewares/ST/STM32_USB_Device_Library/usbd_ctlreq.o
 .debug_aranges
                0x0000000000000d08       0x68 Middlewares/ST/STM32_USB_Device_Library/usbd_hid.o
 .debug_aranges
                0x0000000000000d70       0x50 Middlewares/ST/STM32_USB_Device_Library/usbd_ioreq.o
 .debug_aranges
                0x0000000000000dc0       0x20 USB_DEVICE/App/usb_device.o
 .debug_aranges
                0x0000000000000de0       0x60 USB_DEVICE/App/usbd_desc.o
 .debug_aranges
                0x0000000000000e40      0x100 USB_DEVICE/Target/usbd_conf.o

.debug_ranges   0x0000000000000000      0xdc8
 .debug_ranges  0x0000000000000000       0x18 Common/Src/system_stm32h7xx_dualcore_boot_cm4_cm7.o
 .debug_ranges  0x0000000000000018       0x58 Core/Src/ew_bsp_usb.o
 .debug_ranges  0x0000000000000070       0x28 Core/Src/main.o
 .debug_ranges  0x0000000000000098       0x10 Core/Src/stm32h7xx_hal_msp.o
 .debug_ranges  0x00000000000000a8       0x58 Core/Src/stm32h7xx_it.o
 .debug_ranges  0x0000000000000100       0x10 Core/Src/sysmem.o
 .debug_ranges  0x0000000000000110       0x20 Core/Startup/startup_stm32h745xihx.o
 .debug_ranges  0x0000000000000130      0x210 Drivers/STM32H7xx_HAL_Driver/stm32h7xx_hal.o
 .debug_ranges  0x0000000000000340      0x110 Drivers/STM32H7xx_HAL_Driver/stm32h7xx_hal_cortex.o
 .debug_ranges  0x0000000000000450       0x48 Drivers/STM32H7xx_HAL_Driver/stm32h7xx_hal_gpio.o
 .debug_ranges  0x0000000000000498       0x60 Drivers/STM32H7xx_HAL_Driver/stm32h7xx_hal_hsem.o
 .debug_ranges  0x00000000000004f8      0x120 Drivers/STM32H7xx_HAL_Driver/stm32h7xx_hal_pcd.o
 .debug_ranges  0x0000000000000618       0x50 Drivers/STM32H7xx_HAL_Driver/stm32h7xx_hal_pcd_ex.o
 .debug_ranges  0x0000000000000668      0x160 Drivers/STM32H7xx_HAL_Driver/stm32h7xx_hal_pwr_ex.o
 .debug_ranges  0x00000000000007c8       0x78 Drivers/STM32H7xx_HAL_Driver/stm32h7xx_hal_rcc.o
 .debug_ranges  0x0000000000000840       0xf0 Drivers/STM32H7xx_HAL_Driver/stm32h7xx_hal_rcc_ex.o
 .debug_ranges  0x0000000000000930      0x188 Drivers/STM32H7xx_HAL_Driver/stm32h7xx_ll_usb.o
 .debug_ranges  0x0000000000000ab8       0xa8 Middlewares/ST/STM32_USB_Device_Library/usbd_core.o
 .debug_ranges  0x0000000000000b60       0x80 Middlewares/ST/STM32_USB_Device_Library/usbd_ctlreq.o
 .debug_ranges  0x0000000000000be0       0x58 Middlewares/ST/STM32_USB_Device_Library/usbd_hid.o
 .debug_ranges  0x0000000000000c38       0x40 Middlewares/ST/STM32_USB_Device_Library/usbd_ioreq.o
 .debug_ranges  0x0000000000000c78       0x10 USB_DEVICE/App/usb_device.o
 .debug_ranges  0x0000000000000c88       0x50 USB_DEVICE/App/usbd_desc.o
 .debug_ranges  0x0000000000000cd8       0xf0 USB_DEVICE/Target/usbd_conf.o

.debug_macro    0x0000000000000000    0x3b337
 .debug_macro   0x0000000000000000      0x29d Common/Src/system_stm32h7xx_dualcore_boot_cm4_cm7.o
 .debug_macro   0x000000000000029d      0xa6c Common/Src/system_stm32h7xx_dualcore_boot_cm4_cm7.o
 .debug_macro   0x0000000000000d09       0x2e Common/Src/system_stm32h7xx_dualcore_boot_cm4_cm7.o
 .debug_macro   0x0000000000000d37       0x49 Common/Src/system_stm32h7xx_dualcore_boot_cm4_cm7.o
 .debug_macro   0x0000000000000d80       0x22 Common/Src/system_stm32h7xx_dualcore_boot_cm4_cm7.o
 .debug_macro   0x0000000000000da2       0x8e Common/Src/system_stm32h7xx_dualcore_boot_cm4_cm7.o
 .debug_macro   0x0000000000000e30       0x51 Common/Src/system_stm32h7xx_dualcore_boot_cm4_cm7.o
 .debug_macro   0x0000000000000e81       0xef Common/Src/system_stm32h7xx_dualcore_boot_cm4_cm7.o
 .debug_macro   0x0000000000000f70       0x6a Common/Src/system_stm32h7xx_dualcore_boot_cm4_cm7.o
 .debug_macro   0x0000000000000fda      0x1df Common/Src/system_stm32h7xx_dualcore_boot_cm4_cm7.o
 .debug_macro   0x00000000000011b9       0x1c Common/Src/system_stm32h7xx_dualcore_boot_cm4_cm7.o
 .debug_macro   0x00000000000011d5       0x22 Common/Src/system_stm32h7xx_dualcore_boot_cm4_cm7.o
 .debug_macro   0x00000000000011f7       0xdf Common/Src/system_stm32h7xx_dualcore_boot_cm4_cm7.o
 .debug_macro   0x00000000000012d6     0x12cd Common/Src/system_stm32h7xx_dualcore_boot_cm4_cm7.o
 .debug_macro   0x00000000000025a3      0x11f Common/Src/system_stm32h7xx_dualcore_boot_cm4_cm7.o
 .debug_macro   0x00000000000026c2       0x19 Common/Src/system_stm32h7xx_dualcore_boot_cm4_cm7.o
 .debug_macro   0x00000000000026db    0x26850 Common/Src/system_stm32h7xx_dualcore_boot_cm4_cm7.o
 .debug_macro   0x0000000000028f2b       0x43 Common/Src/system_stm32h7xx_dualcore_boot_cm4_cm7.o
 .debug_macro   0x0000000000028f6e      0x232 Common/Src/system_stm32h7xx_dualcore_boot_cm4_cm7.o
 .debug_macro   0x00000000000291a0     0x3cd3 Common/Src/system_stm32h7xx_dualcore_boot_cm4_cm7.o
 .debug_macro   0x000000000002ce73      0x174 Common/Src/system_stm32h7xx_dualcore_boot_cm4_cm7.o
 .debug_macro   0x000000000002cfe7       0x46 Common/Src/system_stm32h7xx_dualcore_boot_cm4_cm7.o
 .debug_macro   0x000000000002d02d       0x17 Common/Src/system_stm32h7xx_dualcore_boot_cm4_cm7.o
 .debug_macro   0x000000000002d044       0x3c Common/Src/system_stm32h7xx_dualcore_boot_cm4_cm7.o
 .debug_macro   0x000000000002d080       0x34 Common/Src/system_stm32h7xx_dualcore_boot_cm4_cm7.o
 .debug_macro   0x000000000002d0b4       0x52 Common/Src/system_stm32h7xx_dualcore_boot_cm4_cm7.o
 .debug_macro   0x000000000002d106       0x1f Common/Src/system_stm32h7xx_dualcore_boot_cm4_cm7.o
 .debug_macro   0x000000000002d125       0x43 Common/Src/system_stm32h7xx_dualcore_boot_cm4_cm7.o
 .debug_macro   0x000000000002d168       0x20 Common/Src/system_stm32h7xx_dualcore_boot_cm4_cm7.o
 .debug_macro   0x000000000002d188      0x1a3 Common/Src/system_stm32h7xx_dualcore_boot_cm4_cm7.o
 .debug_macro   0x000000000002d32b      0x32a Common/Src/system_stm32h7xx_dualcore_boot_cm4_cm7.o
 .debug_macro   0x000000000002d655      0x1e1 Common/Src/system_stm32h7xx_dualcore_boot_cm4_cm7.o
 .debug_macro   0x000000000002d836       0x54 Common/Src/system_stm32h7xx_dualcore_boot_cm4_cm7.o
 .debug_macro   0x000000000002d88a     0x3a9d Common/Src/system_stm32h7xx_dualcore_boot_cm4_cm7.o
 .debug_macro   0x0000000000031327     0x104f Common/Src/system_stm32h7xx_dualcore_boot_cm4_cm7.o
 .debug_macro   0x0000000000032376      0x138 Common/Src/system_stm32h7xx_dualcore_boot_cm4_cm7.o
 .debug_macro   0x00000000000324ae      0x133 Common/Src/system_stm32h7xx_dualcore_boot_cm4_cm7.o
 .debug_macro   0x00000000000325e1      0x3be Common/Src/system_stm32h7xx_dualcore_boot_cm4_cm7.o
 .debug_macro   0x000000000003299f       0x27 Common/Src/system_stm32h7xx_dualcore_boot_cm4_cm7.o
 .debug_macro   0x00000000000329c6      0x72d Common/Src/system_stm32h7xx_dualcore_boot_cm4_cm7.o
 .debug_macro   0x00000000000330f3      0x229 Common/Src/system_stm32h7xx_dualcore_boot_cm4_cm7.o
 .debug_macro   0x000000000003331c       0x66 Common/Src/system_stm32h7xx_dualcore_boot_cm4_cm7.o
 .debug_macro   0x0000000000033382      0x3bb Common/Src/system_stm32h7xx_dualcore_boot_cm4_cm7.o
 .debug_macro   0x000000000003373d      0x408 Common/Src/system_stm32h7xx_dualcore_boot_cm4_cm7.o
 .debug_macro   0x0000000000033b45      0x27c Common/Src/system_stm32h7xx_dualcore_boot_cm4_cm7.o
 .debug_macro   0x0000000000033dc1      0x3cb Common/Src/system_stm32h7xx_dualcore_boot_cm4_cm7.o
 .debug_macro   0x000000000003418c      0x4b7 Common/Src/system_stm32h7xx_dualcore_boot_cm4_cm7.o
 .debug_macro   0x0000000000034643       0x51 Common/Src/system_stm32h7xx_dualcore_boot_cm4_cm7.o
 .debug_macro   0x0000000000034694       0x4a Common/Src/system_stm32h7xx_dualcore_boot_cm4_cm7.o
 .debug_macro   0x00000000000346de      0x22c Common/Src/system_stm32h7xx_dualcore_boot_cm4_cm7.o
 .debug_macro   0x000000000003490a       0x64 Common/Src/system_stm32h7xx_dualcore_boot_cm4_cm7.o
 .debug_macro   0x000000000003496e       0xa5 Common/Src/system_stm32h7xx_dualcore_boot_cm4_cm7.o
 .debug_macro   0x0000000000034a13      0x219 Common/Src/system_stm32h7xx_dualcore_boot_cm4_cm7.o
 .debug_macro   0x0000000000034c2c      0x2eb Common/Src/system_stm32h7xx_dualcore_boot_cm4_cm7.o
 .debug_macro   0x0000000000034f17       0x35 Common/Src/system_stm32h7xx_dualcore_boot_cm4_cm7.o
 .debug_macro   0x0000000000034f4c      0x21e Common/Src/system_stm32h7xx_dualcore_boot_cm4_cm7.o
 .debug_macro   0x000000000003516a       0x90 Common/Src/system_stm32h7xx_dualcore_boot_cm4_cm7.o
 .debug_macro   0x00000000000351fa      0x798 Common/Src/system_stm32h7xx_dualcore_boot_cm4_cm7.o
 .debug_macro   0x0000000000035992      0x42e Core/Src/ew_bsp_usb.o
 .debug_macro   0x0000000000035dc0       0x40 Core/Src/ew_bsp_usb.o
 .debug_macro   0x0000000000035e00       0x94 Core/Src/ew_bsp_usb.o
 .debug_macro   0x0000000000035e94       0x16 Core/Src/ew_bsp_usb.o
 .debug_macro   0x0000000000035eaa       0x57 Core/Src/ew_bsp_usb.o
 .debug_macro   0x0000000000035f01       0x97 Core/Src/ew_bsp_usb.o
 .debug_macro   0x0000000000035f98      0x330 Core/Src/ew_bsp_usb.o
 .debug_macro   0x00000000000362c8       0xfd Core/Src/ew_bsp_usb.o
 .debug_macro   0x00000000000363c5       0x10 Core/Src/ew_bsp_usb.o
 .debug_macro   0x00000000000363d5       0x10 Core/Src/ew_bsp_usb.o
 .debug_macro   0x00000000000363e5       0x1c Core/Src/ew_bsp_usb.o
 .debug_macro   0x0000000000036401       0x52 Core/Src/ew_bsp_usb.o
 .debug_macro   0x0000000000036453       0x40 Core/Src/ew_bsp_usb.o
 .debug_macro   0x0000000000036493       0x10 Core/Src/ew_bsp_usb.o
 .debug_macro   0x00000000000364a3       0x40 Core/Src/ew_bsp_usb.o
 .debug_macro   0x00000000000364e3       0xd7 Core/Src/ew_bsp_usb.o
 .debug_macro   0x00000000000365ba       0x1c Core/Src/ew_bsp_usb.o
 .debug_macro   0x00000000000365d6       0x3d Core/Src/ew_bsp_usb.o
 .debug_macro   0x0000000000036613       0x16 Core/Src/ew_bsp_usb.o
 .debug_macro   0x0000000000036629      0x145 Core/Src/ew_bsp_usb.o
 .debug_macro   0x000000000003676e       0x16 Core/Src/ew_bsp_usb.o
 .debug_macro   0x0000000000036784       0x35 Core/Src/ew_bsp_usb.o
 .debug_macro   0x00000000000367b9       0x16 Core/Src/ew_bsp_usb.o
 .debug_macro   0x00000000000367cf       0x29 Core/Src/ew_bsp_usb.o
 .debug_macro   0x00000000000367f8       0x16 Core/Src/ew_bsp_usb.o
 .debug_macro   0x000000000003680e       0x20 Core/Src/ew_bsp_usb.o
 .debug_macro   0x000000000003682e       0xd9 Core/Src/ew_bsp_usb.o
 .debug_macro   0x0000000000036907       0x64 Core/Src/ew_bsp_usb.o
 .debug_macro   0x000000000003696b       0x6b Core/Src/ew_bsp_usb.o
 .debug_macro   0x00000000000369d6      0x1c4 Core/Src/ew_bsp_usb.o
 .debug_macro   0x0000000000036b9a       0x5e Core/Src/ew_bsp_usb.o
 .debug_macro   0x0000000000036bf8      0x442 Core/Src/main.o
 .debug_macro   0x000000000003703a       0x1c Core/Src/main.o
 .debug_macro   0x0000000000037056      0x2a6 Core/Src/stm32h7xx_hal_msp.o
 .debug_macro   0x00000000000372fc      0x2b0 Core/Src/stm32h7xx_it.o
 .debug_macro   0x00000000000375ac       0xee Core/Src/sysmem.o
 .debug_macro   0x000000000003769a      0x23b Core/Src/sysmem.o
 .debug_macro   0x00000000000378d5      0x2c1 Drivers/STM32H7xx_HAL_Driver/stm32h7xx_hal.o
 .debug_macro   0x0000000000037b96      0x297 Drivers/STM32H7xx_HAL_Driver/stm32h7xx_hal_cortex.o
 .debug_macro   0x0000000000037e2d      0x2e1 Drivers/STM32H7xx_HAL_Driver/stm32h7xx_hal_gpio.o
 .debug_macro   0x000000000003810e      0x2a9 Drivers/STM32H7xx_HAL_Driver/stm32h7xx_hal_hsem.o
 .debug_macro   0x00000000000383b7      0x2a3 Drivers/STM32H7xx_HAL_Driver/stm32h7xx_hal_pcd.o
 .debug_macro   0x000000000003865a      0x297 Drivers/STM32H7xx_HAL_Driver/stm32h7xx_hal_pcd_ex.o
 .debug_macro   0x00000000000388f1      0x2d0 Drivers/STM32H7xx_HAL_Driver/stm32h7xx_hal_pwr_ex.o
 .debug_macro   0x0000000000038bc1      0x2bb Drivers/STM32H7xx_HAL_Driver/stm32h7xx_hal_rcc.o
 .debug_macro   0x0000000000038e7c      0x2b5 Drivers/STM32H7xx_HAL_Driver/stm32h7xx_hal_rcc_ex.o
 .debug_macro   0x0000000000039131      0x297 Drivers/STM32H7xx_HAL_Driver/stm32h7xx_ll_usb.o
 .debug_macro   0x00000000000393c8      0x40f Middlewares/ST/STM32_USB_Device_Library/usbd_core.o
 .debug_macro   0x00000000000397d7      0x1ca Middlewares/ST/STM32_USB_Device_Library/usbd_core.o
 .debug_macro   0x00000000000399a1      0x419 Middlewares/ST/STM32_USB_Device_Library/usbd_ctlreq.o
 .debug_macro   0x0000000000039dba      0x428 Middlewares/ST/STM32_USB_Device_Library/usbd_hid.o
 .debug_macro   0x000000000003a1e2      0x415 Middlewares/ST/STM32_USB_Device_Library/usbd_ioreq.o
 .debug_macro   0x000000000003a5f7      0x439 USB_DEVICE/App/usb_device.o
 .debug_macro   0x000000000003aa30       0x6a USB_DEVICE/App/usb_device.o
 .debug_macro   0x000000000003aa9a       0x22 USB_DEVICE/App/usb_device.o
 .debug_macro   0x000000000003aabc      0x44c USB_DEVICE/App/usbd_desc.o
 .debug_macro   0x000000000003af08       0x1c USB_DEVICE/App/usbd_desc.o
 .debug_macro   0x000000000003af24      0x413 USB_DEVICE/Target/usbd_conf.o

.debug_line     0x0000000000000000    0x1019a
 .debug_line    0x0000000000000000      0x8d8 Common/Src/system_stm32h7xx_dualcore_boot_cm4_cm7.o
 .debug_line    0x00000000000008d8      0xae7 Core/Src/ew_bsp_usb.o
 .debug_line    0x00000000000013bf      0xae7 Core/Src/main.o
 .debug_line    0x0000000000001ea6      0x836 Core/Src/stm32h7xx_hal_msp.o
 .debug_line    0x00000000000026dc      0x8ed Core/Src/stm32h7xx_it.o
 .debug_line    0x0000000000002fc9      0x4c7 Core/Src/sysmem.o
 .debug_line    0x0000000000003490       0x87 Core/Startup/startup_stm32h745xihx.o
 .debug_line    0x0000000000003517      0xd6d Drivers/STM32H7xx_HAL_Driver/stm32h7xx_hal.o
 .debug_line    0x0000000000004284      0xbb5 Drivers/STM32H7xx_HAL_Driver/stm32h7xx_hal_cortex.o
 .debug_line    0x0000000000004e39      0xa6e Drivers/STM32H7xx_HAL_Driver/stm32h7xx_hal_gpio.o
 .debug_line    0x00000000000058a7      0x95c Drivers/STM32H7xx_HAL_Driver/stm32h7xx_hal_hsem.o
 .debug_line    0x0000000000006203      0xdfa Drivers/STM32H7xx_HAL_Driver/stm32h7xx_hal_pcd.o
 .debug_line    0x0000000000006ffd      0x962 Drivers/STM32H7xx_HAL_Driver/stm32h7xx_hal_pcd_ex.o
 .debug_line    0x000000000000795f      0xcd9 Drivers/STM32H7xx_HAL_Driver/stm32h7xx_hal_pwr_ex.o
 .debug_line    0x0000000000008638      0xc56 Drivers/STM32H7xx_HAL_Driver/stm32h7xx_hal_rcc.o
 .debug_line    0x000000000000928e      0xec6 Drivers/STM32H7xx_HAL_Driver/stm32h7xx_hal_rcc_ex.o
 .debug_line    0x000000000000a154      0xfa5 Drivers/STM32H7xx_HAL_Driver/stm32h7xx_ll_usb.o
 .debug_line    0x000000000000b0f9      0xc35 Middlewares/ST/STM32_USB_Device_Library/usbd_core.o
 .debug_line    0x000000000000bd2e      0xd28 Middlewares/ST/STM32_USB_Device_Library/usbd_ctlreq.o
 .debug_line    0x000000000000ca56      0xb7f Middlewares/ST/STM32_USB_Device_Library/usbd_hid.o
 .debug_line    0x000000000000d5d5      0xab3 Middlewares/ST/STM32_USB_Device_Library/usbd_ioreq.o
 .debug_line    0x000000000000e088      0xa46 USB_DEVICE/App/usb_device.o
 .debug_line    0x000000000000eace      0xaa7 USB_DEVICE/App/usbd_desc.o
 .debug_line    0x000000000000f575      0xc25 USB_DEVICE/Target/usbd_conf.o

.debug_str      0x0000000000000000   0x172c11
 .debug_str     0x0000000000000000   0x16b4b9 Common/Src/system_stm32h7xx_dualcore_boot_cm4_cm7.o
                                     0x16b9f8 (size before relaxing)
 .debug_str     0x000000000016b4b9     0x2393 Core/Src/ew_bsp_usb.o
                                     0x16d7eb (size before relaxing)
 .debug_str     0x000000000016d84c      0x603 Core/Src/main.o
                                     0x16e028 (size before relaxing)
 .debug_str     0x000000000016de4f       0x2c Core/Src/stm32h7xx_hal_msp.o
                                     0x16b7ca (size before relaxing)
 .debug_str     0x000000000016de7b      0x440 Core/Src/stm32h7xx_it.o
                                     0x16b9fa (size before relaxing)
 .debug_str     0x000000000016e2bb      0x4e9 Core/Src/sysmem.o
                                       0x5fa0 (size before relaxing)
 .debug_str     0x000000000016e7a4       0x36 Core/Startup/startup_stm32h745xihx.o
                                         0x83 (size before relaxing)
 .debug_str     0x000000000016e7da     0x1177 Drivers/STM32H7xx_HAL_Driver/stm32h7xx_hal.o
                                     0x16ca13 (size before relaxing)
 .debug_str     0x000000000016f951      0x3f4 Drivers/STM32H7xx_HAL_Driver/stm32h7xx_hal_cortex.o
                                     0x16c2ca (size before relaxing)
 .debug_str     0x000000000016fd45      0x290 Drivers/STM32H7xx_HAL_Driver/stm32h7xx_hal_gpio.o
                                     0x16ba96 (size before relaxing)
 .debug_str     0x000000000016ffd5      0x249 Drivers/STM32H7xx_HAL_Driver/stm32h7xx_hal_hsem.o
                                     0x16b64c (size before relaxing)
 .debug_str     0x000000000017021e      0x597 Drivers/STM32H7xx_HAL_Driver/stm32h7xx_hal_pcd.o
                                     0x16bd80 (size before relaxing)
 .debug_str     0x00000000001707b5      0x1f4 Drivers/STM32H7xx_HAL_Driver/stm32h7xx_hal_pcd_ex.o
                                     0x16b9f9 (size before relaxing)
 .debug_str     0x00000000001709a9      0x6bc Drivers/STM32H7xx_HAL_Driver/stm32h7xx_hal_pwr_ex.o
                                     0x16be80 (size before relaxing)
 .debug_str     0x0000000000171065      0x2ac Drivers/STM32H7xx_HAL_Driver/stm32h7xx_hal_rcc.o